Component: Arm Compiler for Embedded 6.19 Tool: armlink [5e73cb00]

==============================================================================

Section Cross References

    startup_stm32f103xe.o(RESET) refers to startup_stm32f103xe.o(STACK) for __initial_sp
    startup_stm32f103xe.o(RESET) refers to startup_stm32f103xe.o(.text) for Reset_Handler
    startup_stm32f103xe.o(RESET) refers to stm32f1xx_it.o(.text.NMI_Handler) for NMI_Handler
    startup_stm32f103xe.o(RESET) refers to stm32f1xx_it.o(.text.HardFault_Handler) for HardFault_Handler
    startup_stm32f103xe.o(RESET) refers to stm32f1xx_it.o(.text.MemManage_Handler) for MemManage_Handler
    startup_stm32f103xe.o(RESET) refers to stm32f1xx_it.o(.text.BusFault_Handler) for BusFault_Handler
    startup_stm32f103xe.o(RESET) refers to stm32f1xx_it.o(.text.UsageFault_Handler) for UsageFault_Handler
    startup_stm32f103xe.o(RESET) refers to stm32f1xx_it.o(.text.SVC_Handler) for SVC_Handler
    startup_stm32f103xe.o(RESET) refers to stm32f1xx_it.o(.text.DebugMon_Handler) for DebugMon_Handler
    startup_stm32f103xe.o(RESET) refers to stm32f1xx_it.o(.text.PendSV_Handler) for PendSV_Handler
    startup_stm32f103xe.o(RESET) refers to stm32f1xx_it.o(.text.SysTick_Handler) for SysTick_Handler
    startup_stm32f103xe.o(RESET) refers to stm32f1xx_it.o(.text.DMA1_Channel1_IRQHandler) for DMA1_Channel1_IRQHandler
    startup_stm32f103xe.o(RESET) refers to stm32f1xx_it.o(.text.USART1_IRQHandler) for USART1_IRQHandler
    startup_stm32f103xe.o(RESET) refers to stm32f1xx_it.o(.text.USART2_IRQHandler) for USART2_IRQHandler
    startup_stm32f103xe.o(RESET) refers to stm32f1xx_it.o(.text.USART3_IRQHandler) for USART3_IRQHandler
    startup_stm32f103xe.o(RESET) refers to stm32f1xx_it.o(.text.TIM6_IRQHandler) for TIM6_IRQHandler
    startup_stm32f103xe.o(RESET) refers to stm32f1xx_it.o(.text.TIM7_IRQHandler) for TIM7_IRQHandler
    startup_stm32f103xe.o(.text) refers to system_stm32f1xx.o(.text.SystemInit) for SystemInit
    startup_stm32f103xe.o(.text) refers to entry.o(.ARM.Collect$$$$00000000) for __main
    main.o(.text.main) refers to stm32f1xx_hal.o(.text.HAL_Init) for HAL_Init
    main.o(.text.main) refers to main.o(.text.SystemClock_Config) for SystemClock_Config
    main.o(.text.main) refers to gpio.o(.text.MX_GPIO_Init) for MX_GPIO_Init
    main.o(.text.main) refers to dma.o(.text.MX_DMA_Init) for MX_DMA_Init
    main.o(.text.main) refers to tim.o(.text.MX_TIM2_Init) for MX_TIM2_Init
    main.o(.text.main) refers to tim.o(.text.MX_TIM3_Init) for MX_TIM3_Init
    main.o(.text.main) refers to usart.o(.text.MX_USART2_UART_Init) for MX_USART2_UART_Init
    main.o(.text.main) refers to usart.o(.text.MX_USART1_UART_Init) for MX_USART1_UART_Init
    main.o(.text.main) refers to usart.o(.text.MX_USART3_UART_Init) for MX_USART3_UART_Init
    main.o(.text.main) refers to tim.o(.text.MX_TIM6_Init) for MX_TIM6_Init
    main.o(.text.main) refers to adc.o(.text.MX_ADC1_Init) for MX_ADC1_Init
    main.o(.text.main) refers to tim.o(.text.MX_TIM1_Init) for MX_TIM1_Init
    main.o(.text.main) refers to tim.o(.text.MX_TIM7_Init) for MX_TIM7_Init
    main.o(.text.main) refers to tim.o(.bss.htim2) for htim2
    main.o(.text.main) refers to stm32f1xx_hal_tim.o(.text.HAL_TIM_Encoder_Start) for HAL_TIM_Encoder_Start
    main.o(.text.main) refers to tim.o(.bss.htim3) for htim3
    main.o(.text.main) refers to tim.o(.bss.htim1) for htim1
    main.o(.text.main) refers to stm32f1xx_hal_tim.o(.text.HAL_TIM_PWM_Start) for HAL_TIM_PWM_Start
    main.o(.text.main) refers to tim.o(.bss.htim6) for htim6
    main.o(.text.main) refers to stm32f1xx_hal_tim.o(.text.HAL_TIM_Base_Start_IT) for HAL_TIM_Base_Start_IT
    main.o(.text.main) refers to tim.o(.bss.htim7) for htim7
    main.o(.text.main) refers to pid.o(.text.PID_param_init) for PID_param_init
    main.o(.text.main) refers to usart.o(.bss.huart2) for huart2
    main.o(.text.main) refers to myusart.o(.bss.uart2_rxbuff) for uart2_rxbuff
    main.o(.text.main) refers to stm32f1xx_hal_uart.o(.text.HAL_UART_Receive_IT) for HAL_UART_Receive_IT
    main.o(.text.main) refers to usart.o(.bss.huart3) for huart3
    main.o(.text.main) refers to myusart.o(.bss.uart3_rxbuff) for uart3_rxbuff
    main.o(.text.main) refers to control.o(.text.motor_R_Return) for motor_R_Return
    main.o(.text.main) refers to control.o(.text.motor_L_Return) for motor_L_Return
    main.o(.text.main) refers to sensor.o(.bss.Load_flag) for Load_flag
    main.o(.text.main) refers to myusart.o(.data.Task_flag) for Task_flag
    main.o(.text.main) refers to control.o(.text.Task_action) for Task_action
    main.o(.ARM.exidx.text.main) refers to main.o(.text.main) for [Anonymous Symbol]
    main.o(.text.SystemClock_Config) refers to memseta.o(.text) for __aeabi_memclr4
    main.o(.text.SystemClock_Config) refers to stm32f1xx_hal_rcc.o(.text.HAL_RCC_OscConfig) for HAL_RCC_OscConfig
    main.o(.text.SystemClock_Config) refers to main.o(.text.Error_Handler) for Error_Handler
[...]
    stm32f1xx_hal_exti.c                     0x00000000   Number         0  stm32f1xx_hal_exti.o ABSOLUTE
    stm32f1xx_hal_flash.c                    0x00000000   Number         0  stm32f1xx_hal_flash.o ABSOLUTE
    stm32f1xx_hal_flash_ex.c                 0x00000000   Number         0  stm32f1xx_hal_flash_ex.o ABSOLUTE
    stm32f1xx_hal_gpio.c                     0x00000000   Number         0  stm32f1xx_hal_gpio.o ABSOLUTE
    stm32f1xx_hal_gpio_ex.c                  0x00000000   Number         0  stm32f1xx_hal_gpio_ex.o ABSOLUTE
    stm32f1xx_hal_msp.c                      0x00000000   Number         0  stm32f1xx_hal_msp.o ABSOLUTE
    stm32f1xx_hal_pwr.c                      0x00000000   Number         0  stm32f1xx_hal_pwr.o ABSOLUTE
    stm32f1xx_hal_rcc.c                      0x00000000   Number         0  stm32f1xx_hal_rcc.o ABSOLUTE
    stm32f1xx_hal_rcc_ex.c                   0x00000000   Number         0  stm32f1xx_hal_rcc_ex.o ABSOLUTE
    stm32f1xx_hal_tim.c                      0x00000000   Number         0  stm32f1xx_hal_tim.o ABSOLUTE
    stm32f1xx_hal_tim_ex.c                   0x00000000   Number         0  stm32f1xx_hal_tim_ex.o ABSOLUTE
    stm32f1xx_hal_uart.c                     0x00000000   Number         0  stm32f1xx_hal_uart.o ABSOLUTE
    stm32f1xx_it.c                           0x00000000   Number         0  stm32f1xx_it.o ABSOLUTE
    system_stm32f1xx.c                       0x00000000   Number         0  system_stm32f1xx.o ABSOLUTE
    tim.c                                    0x00000000   Number         0  tim.o ABSOLUTE
    usart.c                                  0x00000000   Number         0  usart.o ABSOLUTE
    RESET                                    0x08000000   Section      304  startup_stm32f103xe.o(RESET)
    .ARM.Collect$$$$00000000                 0x08000130   Section        0  entry.o(.ARM.Collect$$$$00000000)
    .ARM.Collect$$$$00000001                 0x08000130   Section        4  entry2.o(.ARM.Collect$$$$00000001)
    .ARM.Collect$$$$00000004                 0x08000134   Section        4  entry5.o(.ARM.Collect$$$$00000004)
    .ARM.Collect$$$$00000008                 0x08000138   Section        0  entry7b.o(.ARM.Collect$$$$00000008)
    .ARM.Collect$$$$0000000A                 0x08000138   Section        0  entry8b.o(.ARM.Collect$$$$0000000A)
    .ARM.Collect$$$$0000000B                 0x08000138   Section        8  entry9a.o(.ARM.Collect$$$$0000000B)
    __lit__00000000                          0x08000140   Data           4  entry2.o(.ARM.Collect$$$$00002712)
    .ARM.Collect$$$$0000000D                 0x08000140   Section        0  entry10a.o(.ARM.Collect$$$$0000000D)
    .ARM.Collect$$$$0000000F                 0x08000140   Section        0  entry11a.o(.ARM.Collect$$$$0000000F)
    .ARM.Collect$$$$00002712                 0x08000140   Section        4  entry2.o(.ARM.Collect$$$$00002712)
    .text                                    0x08000144   Section       36  startup_stm32f103xe.o(.text)
    .text                                    0x08000168   Section        0  memseta.o(.text)
    .text                                    0x0800018c   Section        0  fadd.o(.text)
    .text                                    0x0800023c   Section        0  fmul.o(.text)
    .text                                    0x080002a0   Section        0  dmul.o(.text)
    .text                                    0x08000384   Section        0  ddiv.o(.text)
    .text                                    0x08000462   Section        0  fcmple.o(.text)
    .text                                    0x0800047e   Section        0  fcmplt.o(.text)
    .text                                    0x0800049a   Section        0  fcmpge.o(.text)
    .text                                    0x080004b6   Section        0  fflti.o(.text)
    .text                                    0x080004c8   Section        0  ffixi.o(.text)
    .text                                    0x080004fa   Section        0  ffixui.o(.text)
    .text                                    0x08000522   Section        0  uidiv.o(.text)
    .text                                    0x0800054e   Section        0  uldiv.o(.text)
    .text                                    0x080005b0   Section        0  iusefp.o(.text)
    .text                                    0x080005b0   Section        0  fepilogue.o(.text)
    .text                                    0x0800061e   Section        0  depilogue.o(.text)
    .text                                    0x080006d8   Section        0  dadd.o(.text)
    .text                                    0x08000826   Section        0  dfixul.o(.text)
    .text                                    0x08000858   Section       48  cdrcmple.o(.text)
    .text                                    0x08000888   Section       36  init.o(.text)
    .text                                    0x080008ac   Section        0  llshl.o(.text)
    .text                                    0x080008ca   Section        0  llushr.o(.text)
    .text                                    0x080008ea   Section        0  llsshr.o(.text)
    [Anonymous Symbol]                       0x08000910   Section        0  stm32f1xx_hal_adc.o(.text.ADC_ConversionStop_Disable)
    [Anonymous Symbol]                       0x08000994   Section        0  stm32f1xx_it.o(.text.BusFault_Handler)
    [Anonymous Symbol]                       0x08000998   Section        0  stm32f1xx_it.o(.text.DMA1_Channel1_IRQHandler)
    [Anonymous Symbol]                       0x080009a8   Section        0  stm32f1xx_it.o(.text.DebugMon_Handler)
    [Anonymous Symbol]                       0x080009ac   Section        0  main.o(.text.Error_Handler)
    [Anonymous Symbol]                       0x080009bc   Section        0  pid.o(.text.GET_ENCODER_NUM)
    [Anonymous Symbol]                       0x08000a8c   Section        0  stm32f1xx_hal_adc.o(.text.HAL_ADC_ConfigChannel)
    [Anonymous Symbol]                       0x08000c40   Section        0  stm32f1xx_hal_adc.o(.text.HAL_ADC_Init)
    [Anonymous Symbol]                       0x08000e94   Section        0  adc.o(.text.HAL_ADC_MspInit)
    [Anonymous Symbol]                       0x08000f98   Section        0  stm32f1xx_hal_dma.o(.text.HAL_DMA_Abort)
    [Anonymous Symbol]                       0x08001014   Section        0  stm32f1xx_hal_dma.o(.text.HAL_DMA_Abort_IT)
    [Anonymous Symbol]                       0x0800132c   Section        0  stm32f1xx_hal_dma.o(.text.HAL_DMA_IRQHandler)
    [Anonymous Symbol]                       0x080019b0   Section        0  stm32f1xx_hal_dma.o(.text.HAL_DMA_Init)
    [Anonymous Symbol]                       0x08001aa4   Section        0  stm32f1xx_hal.o(.text.HAL_Delay)
    [Anonymous Symbol]                       0x08001ae8   Section        0  stm32f1xx_hal_gpio.o(.text.HAL_GPIO_Init)
    [Anonymous Symbol]                       0x08001e40   Section        0  stm32f1xx_hal_gpio.o(.text.HAL_GPIO_WritePin)
    [Anonymous Symbol]                       0x08001e70   Section        0  stm32f1xx_hal.o(.text.HAL_GetTick)
    [Anonymous Symbol]                       0x08001e7c   Section        0  stm32f1xx_hal.o(.text.HAL_IncTick)
    [Anonymous Symbol]                       0x08001e98   Section        0  stm32f1xx_hal.o(.text.HAL_Init)
    [Anonymous Symbol]                       0x08001ec4   Section        0  stm32f1xx_hal.o(.text.HAL_InitTick)
    [Anonymous Symbol]                       0x08001f34   Section        0  stm32f1xx_hal_msp.o(.text.HAL_MspInit)
    [Anonymous Symbol]                       0x08001f98   Section        0  stm32f1xx_hal_cortex.o(.text.HAL_NVIC_EnableIRQ)
    [Anonymous Symbol]                       0x08001fac   Section        0  stm32f1xx_hal_cortex.o(.text.HAL_NVIC_SetPriority)
    [Anonymous Symbol]                       0x08001fe0   Section        0  stm32f1xx_hal_cortex.o(.text.HAL_NVIC_SetPriorityGrouping)
    [Anonymous Symbol]                       0x08001ff0   Section        0  stm32f1xx_hal_rcc_ex.o(.text.HAL_RCCEx_PeriphCLKConfig)
    [Anonymous Symbol]                       0x080021b8   Section        0  stm32f1xx_hal_rcc.o(.text.HAL_RCC_ClockConfig)
    [Anonymous Symbol]                       0x08002410   Section        0  stm32f1xx_hal_rcc.o(.text.HAL_RCC_GetHCLKFreq)
    [Anonymous Symbol]                       0x0800241c   Section        0  stm32f1xx_hal_rcc.o(.text.HAL_RCC_GetPCLK1Freq)
    [Anonymous Symbol]                       0x08002440   Section        0  stm32f1xx_hal_rcc.o(.text.HAL_RCC_GetPCLK2Freq)
    [Anonymous Symbol]                       0x08002464   Section        0  stm32f1xx_hal_rcc.o(.text.HAL_RCC_GetSysClockFreq)
    [Anonymous Symbol]                       0x08002548   Section        0  stm32f1xx_hal_rcc.o(.text.HAL_RCC_OscConfig)
    [Anonymous Symbol]                       0x08002bc4   Section        0  stm32f1xx_hal_cortex.o(.text.HAL_SYSTICK_Config)
    [Anonymous Symbol]                       0x08002bd4   Section        0  stm32f1xx_hal_tim_ex.o(.text.HAL_TIMEx_BreakCallback)
    [Anonymous Symbol]                       0x08002bdc   Section        0  stm32f1xx_hal_tim_ex.o(.text.HAL_TIMEx_CommutCallback)
    [Anonymous Symbol]                       0x08002be4   Section        0  stm32f1xx_hal_tim_ex.o(.text.HAL_TIMEx_ConfigBreakDeadTime)
    [Anonymous Symbol]                       0x08002c98   Section        0  stm32f1xx_hal_tim_ex.o(.text.HAL_TIMEx_MasterConfigSynchronization)
    [Anonymous Symbol]                       0x08002d98   Section        0  stm32f1xx_hal_tim.o(.text.HAL_TIM_Base_Init)
    [Anonymous Symbol]                       0x08002e34   Section        0  tim.o(.text.HAL_TIM_Base_MspInit)
    [Anonymous Symbol]                       0x08002ec8   Section        0  stm32f1xx_hal_tim.o(.text.HAL_TIM_Base_Start_IT)
    [Anonymous Symbol]                       0x08002f9c   Section        0  stm32f1xx_hal_tim.o(.text.HAL_TIM_Encoder_Init)
    [Anonymous Symbol]                       0x080030c4   Section        0  tim.o(.text.HAL_TIM_Encoder_MspInit)
    [Anonymous Symbol]                       0x080031d0   Section        0  stm32f1xx_hal_tim.o(.text.HAL_TIM_Encoder_Start)
    [Anonymous Symbol]                       0x08003320   Section        0  stm32f1xx_hal_tim.o(.text.HAL_TIM_IC_CaptureCallback)
    [Anonymous Symbol]                       0x08003328   Section        0  stm32f1xx_hal_tim.o(.text.HAL_TIM_IRQHandler)
    [Anonymous Symbol]                       0x080035a4   Section        0  tim.o(.text.HAL_TIM_MspPostInit)
    [Anonymous Symbol]                       0x08003604   Section        0  stm32f1xx_hal_tim.o(.text.HAL_TIM_OC_DelayElapsedCallback)
    [Anonymous Symbol]                       0x0800360c   Section        0  stm32f1xx_hal_tim.o(.text.HAL_TIM_PWM_ConfigChannel)
    [Anonymous Symbol]                       0x08003740   Section        0  stm32f1xx_hal_tim.o(.text.HAL_TIM_PWM_Init)
    [Anonymous Symbol]                       0x080037dc   Section        0  tim.o(.text.HAL_TIM_PWM_MspInit)
    [Anonymous Symbol]                       0x08003818   Section        0  stm32f1xx_hal_tim.o(.text.HAL_TIM_PWM_PulseFinishedCallback)
    [Anonymous Symbol]                       0x08003820   Section        0  stm32f1xx_hal_tim.o(.text.HAL_TIM_PWM_Start)
    [Anonymous Symbol]                       0x080039cc   Section        0  stm32f1xx_hal_tim.o(.text.HAL_TIM_PWM_Stop)
    [Anonymous Symbol]                       0x08003ad4   Section        0  mynvic.o(.text.HAL_TIM_PeriodElapsedCallback)
    [Anonymous Symbol]                       0x08003f08   Section        0  stm32f1xx_hal_tim.o(.text.HAL_TIM_TriggerCallback)
    [Anonymous Symbol]                       0x08003f10   Section        0  stm32f1xx_hal_uart.o(.text.HAL_UARTEx_RxEventCallback)
    [Anonymous Symbol]                       0x08003f1c   Section        0  stm32f1xx_hal_uart.o(.text.HAL_UART_ErrorCallback)
    [Anonymous Symbol]                       0x08003f24   Section        0  stm32f1xx_hal_uart.o(.text.HAL_UART_IRQHandler)
    [Anonymous Symbol]                       0x08004268   Section        0  stm32f1xx_hal_uart.o(.text.HAL_UART_Init)
    [Anonymous Symbol]                       0x08004304   Section        0  usart.o(.text.HAL_UART_MspInit)
    [Anonymous Symbol]                       0x080044fc   Section        0  stm32f1xx_hal_uart.o(.text.HAL_UART_Receive_IT)
    [Anonymous Symbol]                       0x08004574   Section        0  myusart.o(.text.HAL_UART_RxCpltCallback)
    [Anonymous Symbol]                       0x080045f8   Section        0  stm32f1xx_hal_uart.o(.text.HAL_UART_Transmit)
    [Anonymous Symbol]                       0x08004748   Section        0  stm32f1xx_hal_uart.o(.text.HAL_UART_TxCpltCallback)
    [Anonymous Symbol]                       0x08004750   Section        0  stm32f1xx_it.o(.text.HardFault_Handler)
    [Anonymous Symbol]                       0x08004754   Section        0  adc.o(.text.MX_ADC1_Init)
    [Anonymous Symbol]                       0x08004844   Section        0  dma.o(.text.MX_DMA_Init)
    [Anonymous Symbol]                       0x0800487c   Section        0  gpio.o(.text.MX_GPIO_Init)
    [Anonymous Symbol]                       0x080049b0   Section        0  tim.o(.text.MX_TIM1_Init)
    [Anonymous Symbol]                       0x08004ab0   Section        0  tim.o(.text.MX_TIM2_Init)
    [Anonymous Symbol]                       0x08004b2c   Section        0  tim.o(.text.MX_TIM3_Init)
    [Anonymous Symbol]                       0x08004bac   Section        0  tim.o(.text.MX_TIM6_Init)
    [Anonymous Symbol]                       0x08004c08   Section        0  tim.o(.text.MX_TIM7_Init)
    [Anonymous Symbol]                       0x08004c64   Section        0  usart.o(.text.MX_USART1_UART_Init)
    [Anonymous Symbol]                       0x08004ca4   Section        0  usart.o(.text.MX_USART2_UART_Init)
    [Anonymous Symbol]                       0x08004ce4   Section        0  usart.o(.text.MX_USART3_UART_Init)
    [Anonymous Symbol]                       0x08004d24   Section        0  stm32f1xx_it.o(.text.MemManage_Handler)
    [Anonymous Symbol]                       0x08004d28   Section        0  control.o(.text.Motor_Disable)
    [Anonymous Symbol]                       0x08004d54   Section        0  control.o(.text.Motor_Enable)
    [Anonymous Symbol]                       0x08004d80   Section        0  stm32f1xx_it.o(.text.NMI_Handler)
    NVIC_EncodePriority                      0x08004d85   Thumb Code   108  stm32f1xx_hal_cortex.o(.text.NVIC_EncodePriority)
    [Anonymous Symbol]                       0x08004d84   Section        0  stm32f1xx_hal_cortex.o(.text.NVIC_EncodePriority)
    [Anonymous Symbol]                       0x08004df0   Section        0  myusart.o(.text.Openmv1_Receive_Data)
    [Anonymous Symbol]                       0x08004fcc   Section        0  myusart.o(.text.Openmv2_Receive_Data)
    [Anonymous Symbol]                       0x08005160   Section        0  pid.o(.text.PID_param_init)
    [Anonymous Symbol]                       0x080051e4   Section        0  stm32f1xx_it.o(.text.PendSV_Handler)
    RCC_Delay                                0x080051e9   Thumb Code    58  stm32f1xx_hal_rcc.o(.text.RCC_Delay)
    [Anonymous Symbol]                       0x080051e8   Section        0  stm32f1xx_hal_rcc.o(.text.RCC_Delay)
    [Anonymous Symbol]                       0x08005224   Section        0  stm32f1xx_it.o(.text.SVC_Handler)
    [Anonymous Symbol]                       0x08005228   Section        0  myusart.o(.text.SendData_toOpenmv)
    SysTick_Config                           0x08005291   Thumb Code    82  stm32f1xx_hal_cortex.o(.text.SysTick_Config)
    [Anonymous Symbol]                       0x08005290   Section        0  stm32f1xx_hal_cortex.o(.text.SysTick_Config)
    [Anonymous Symbol]                       0x080052e4   Section        0  stm32f1xx_it.o(.text.SysTick_Handler)
    [Anonymous Symbol]                       0x080052fc   Section        0  main.o(.text.SystemClock_Config)
    [Anonymous Symbol]                       0x08005390   Section        0  system_stm32f1xx.o(.text.SystemInit)
    [Anonymous Symbol]                       0x08005394   Section        0  stm32f1xx_it.o(.text.TIM6_IRQHandler)
    [Anonymous Symbol]                       0x080053a4   Section        0  stm32f1xx_it.o(.text.TIM7_IRQHandler)
    [Anonymous Symbol]                       0x080053b4   Section        0  stm32f1xx_hal_tim.o(.text.TIM_Base_SetConfig)
    [Anonymous Symbol]                       0x080054f4   Section        0  stm32f1xx_hal_tim.o(.text.TIM_CCxChannelCmd)
    TIM_OC1_SetConfig                        0x0800552d   Thumb Code   238  stm32f1xx_hal_tim.o(.text.TIM_OC1_SetConfig)
    [Anonymous Symbol]                       0x0800552c   Section        0  stm32f1xx_hal_tim.o(.text.TIM_OC1_SetConfig)
    [Anonymous Symbol]                       0x0800561c   Section        0  stm32f1xx_hal_tim.o(.text.TIM_OC2_SetConfig)
    TIM_OC3_SetConfig                        0x08005715   Thumb Code   246  stm32f1xx_hal_tim.o(.text.TIM_OC3_SetConfig)
    [Anonymous Symbol]                       0x08005714   Section        0  stm32f1xx_hal_tim.o(.text.TIM_OC3_SetConfig)
    TIM_OC4_SetConfig                        0x0800580d   Thumb Code   166  stm32f1xx_hal_tim.o(.text.TIM_OC4_SetConfig)
    [Anonymous Symbol]                       0x0800580c   Section        0  stm32f1xx_hal_tim.o(.text.TIM_OC4_SetConfig)
    [Anonymous Symbol]                       0x080058b4   Section        0  control.o(.text.Task_action)
    UART_DMAAbortOnError                     0x08005a11   Thumb Code    32  stm32f1xx_hal_uart.o(.text.UART_DMAAbortOnError)
    [Anonymous Symbol]                       0x08005a10   Section        0  stm32f1xx_hal_uart.o(.text.UART_DMAAbortOnError)
    UART_EndRxTransfer                       0x08005a31   Thumb Code    70  stm32f1xx_hal_uart.o(.text.UART_EndRxTransfer)
    [Anonymous Symbol]                       0x08005a30   Section        0  stm32f1xx_hal_uart.o(.text.UART_EndRxTransfer)
    UART_EndTransmit_IT                      0x08005a79   Thumb Code    38  stm32f1xx_hal_uart.o(.text.UART_EndTransmit_IT)
    [Anonymous Symbol]                       0x08005a78   Section        0  stm32f1xx_hal_uart.o(.text.UART_EndTransmit_IT)
    UART_Receive_IT                          0x08005aa1   Thumb Code   330  stm32f1xx_hal_uart.o(.text.UART_Receive_IT)
    [Anonymous Symbol]                       0x08005aa0   Section        0  stm32f1xx_hal_uart.o(.text.UART_Receive_IT)
    UART_SetConfig                           0x08005bed   Thumb Code   186  stm32f1xx_hal_uart.o(.text.UART_SetConfig)
    [Anonymous Symbol]                       0x08005bec   Section        0  stm32f1xx_hal_uart.o(.text.UART_SetConfig)
    [Anonymous Symbol]                       0x08005ca8   Section        0  stm32f1xx_hal_uart.o(.text.UART_Start_Receive_IT)
    UART_Transmit_IT                         0x08005d0d   Thumb Code   148  stm32f1xx_hal_uart.o(.text.UART_Transmit_IT)
    [Anonymous Symbol]                       0x08005d0c   Section        0  stm32f1xx_hal_uart.o(.text.UART_Transmit_IT)
    UART_WaitOnFlagUntilTimeout              0x08005da1   Thumb Code   156  stm32f1xx_hal_uart.o(.text.UART_WaitOnFlagUntilTimeout)
    [Anonymous Symbol]                       0x08005da0   Section        0  stm32f1xx_hal_uart.o(.text.UART_WaitOnFlagUntilTimeout)
    [Anonymous Symbol]                       0x08005e3c   Section        0  stm32f1xx_it.o(.text.USART1_IRQHandler)
    [Anonymous Symbol]                       0x08005e4c   Section        0  stm32f1xx_it.o(.text.USART2_IRQHandler)
    [Anonymous Symbol]                       0x08005e5c   Section        0  stm32f1xx_it.o(.text.USART3_IRQHandler)
    [Anonymous Symbol]                       0x08005e6c   Section        0  stm32f1xx_it.o(.text.UsageFault_Handler)
    __NVIC_EnableIRQ                         0x08005e71   Thumb Code    48  stm32f1xx_hal_cortex.o(.text.__NVIC_EnableIRQ)
    [Anonymous Symbol]                       0x08005e70   Section        0  stm32f1xx_hal_cortex.o(.text.__NVIC_EnableIRQ)
    __NVIC_GetPriorityGrouping               0x08005ea1   Thumb Code    16  stm32f1xx_hal_cortex.o(.text.__NVIC_GetPriorityGrouping)
    [Anonymous Symbol]                       0x08005ea0   Section        0  stm32f1xx_hal_cortex.o(.text.__NVIC_GetPriorityGrouping)
    __NVIC_SetPriority                       0x08005eb1   Thumb Code    66  stm32f1xx_hal_cortex.o(.text.__NVIC_SetPriority)
    [Anonymous Symbol]                       0x08005eb0   Section        0  stm32f1xx_hal_cortex.o(.text.__NVIC_SetPriority)
    __NVIC_SetPriorityGrouping               0x08005ef5   Thumb Code    60  stm32f1xx_hal_cortex.o(.text.__NVIC_SetPriorityGrouping)
    [Anonymous Symbol]                       0x08005ef4   Section        0  stm32f1xx_hal_cortex.o(.text.__NVIC_SetPriorityGrouping)
    [Anonymous Symbol]                       0x08005f30   Section        0  pid_location.o(.text.car_spinctl)
    [Anonymous Symbol]                       0x08006984   Section        0  myusart.o(.text.fputc)
    [Anonymous Symbol]                       0x080069a8   Section        0  pid.o(.text.get_pid_target)
    [Anonymous Symbol]                       0x080069b4   Section        0  control.o(.text.gohome)
    [Anonymous Symbol]                       0x0800716c   Section        0  main.o(.text.main)
    [Anonymous Symbol]                       0x08007250   Section        0  control.o(.text.motor_L_Return)
    [Anonymous Symbol]                       0x08007274   Section        0  control.o(.text.motor_L_turn)
    [Anonymous Symbol]                       0x08007298   Section        0  control.o(.text.motor_R_Return)
    [Anonymous Symbol]                       0x080072c0   Section        0  control.o(.text.motor_R_turn)
    [Anonymous Symbol]                       0x080072e8   Section        0  pid.o(.text.set_pid_target)
    [Anonymous Symbol]                       0x080072f8   Section        0  pid.o(.text.speed_pid_realize)
    [Anonymous Symbol]                       0x080073e4   Section        0  control.o(.text.twomotor_ctl)
    i.__0printf                              0x08007410   Section        0  printfa.o(i.__0printf)
    i.__0sprintf                             0x08007430   Section        0  printfa.o(i.__0sprintf)
    i.__scatterload_copy                     0x08007458   Section       14  handlers.o(i.__scatterload_copy)
    i.__scatterload_null                     0x08007466   Section        2  handlers.o(i.__scatterload_null)
    i.__scatterload_zeroinit                 0x08007468   Section       14  handlers.o(i.__scatterload_zeroinit)
    _fp_digits                               0x08007479   Thumb Code   366  printfa.o(i._fp_digits)
    i._fp_digits                             0x08007478   Section        0  printfa.o(i._fp_digits)
    _printf_core                             0x080075fd   Thumb Code  1744  printfa.o(i._printf_core)
    i._printf_core                           0x080075fc   Section        0  printfa.o(i._printf_core)
    _printf_post_padding                     0x08007cd9   Thumb Code    36  printfa.o(i._printf_post_padding)
    i._printf_post_padding                   0x08007cd8   Section        0  printfa.o(i._printf_post_padding)
    _printf_pre_padding                      0x08007cfd   Thumb Code    46  printfa.o(i._printf_pre_padding)
    i._printf_pre_padding                    0x08007cfc   Section        0  printfa.o(i._printf_pre_padding)
    _sputc                                   0x08007d2b   Thumb Code    10  printfa.o(i._sputc)
    i._sputc                                 0x08007d2a   Section        0  printfa.o(i._sputc)
    .L.str                                   0x08007d4c   Data           7  myusart.o(.rodata.str1.1)
    [Anonymous Symbol]                       0x08007d4c   Section        0  myusart.o(.rodata.str1.1)
    .L.str                                   0x08007d53   Data           4  pid_location.o(.rodata.str1.1)
    [Anonymous Symbol]                       0x08007d53   Section        0  pid_location.o(.rodata.str1.1)
    .data                                    0x20000000   Section        4  stdout.o(.data)
    Openmv1_Receive_Data.RxBuffer1           0x20000024   Data         100  myusart.o(.bss.Openmv1_Receive_Data.RxBuffer1)
    [Anonymous Symbol]                       0x20000024   Section        0  myusart.o(.bss.Openmv1_Receive_Data.RxBuffer1)
    Openmv1_Receive_Data.RxCounter1          0x20000088   Data           1  myusart.o(.bss.Openmv1_Receive_Data.RxCounter1)
    [Anonymous Symbol]                       0x20000088   Section        0  myusart.o(.bss.Openmv1_Receive_Data.RxCounter1)
    Openmv1_Receive_Data.RxState             0x20000089   Data           1  myusart.o(.bss.Openmv1_Receive_Data.RxState)
    [Anonymous Symbol]                       0x20000089   Section        0  myusart.o(.bss.Openmv1_Receive_Data.RxState)
    Openmv2_Receive_Data.RxBuffer2           0x2000008a   Data          12  myusart.o(.bss.Openmv2_Receive_Data.RxBuffer2)
    [Anonymous Symbol]                       0x2000008a   Section        0  myusart.o(.bss.Openmv2_Receive_Data.RxBuffer2)
    Openmv2_Receive_Data.RxCounter2          0x20000096   Data           1  myusart.o(.bss.Openmv2_Receive_Data.RxCounter2)
    [Anonymous Symbol]                       0x20000096   Section        0  myusart.o(.bss.Openmv2_Receive_Data.RxCounter2)
    Openmv2_Receive_Data.RxState2            0x20000097   Data           1  myusart.o(.bss.Openmv2_Receive_Data.RxState2)
    [Anonymous Symbol]                       0x20000097   Section        0  myusart.o(.bss.Openmv2_Receive_Data.RxState2)
    STACK                                    0x20000418   Section     1024  startup_stm32f103xe.o(STACK)

    Global Symbols

    Symbol Name                              Value     Ov Type        Size  Object(Section)

    BuildAttributes$$THM_ISAv4$P$D$K$B$S$PE$A:L22UL41UL21$X:L11$S22US41US21$IEEE1$IW$~IW$USESV6$~STKCKD$USESV7$~SHL$OTIME$ROPI$EBA8$MICROLIB$REQ8$PRES8$EABIv2 0x00000000   Number         0  anon$$obj.o ABSOLUTE
    __cpp_initialize__aeabi_                  - Undefined Weak Reference
    __cxa_finalize                            - Undefined Weak Reference
    __decompress                              - Undefined Weak Reference
    _clock_init                               - Undefined Weak Reference
    _microlib_exit                            - Undefined Weak Reference
    __Vectors_Size                           0x00000130   Number         0  startup_stm32f103xe.o ABSOLUTE
    __Vectors                                0x08000000   Data           4  startup_stm32f103xe.o(RESET)
    __Vectors_End                            0x08000130   Data           0  startup_stm32f103xe.o(RESET)
    __main                                   0x08000131   Thumb Code     0  entry.o(.ARM.Collect$$$$00000000)
    _main_stk                                0x08000131   Thumb Code     0  entry2.o(.ARM.Collect$$$$00000001)
    _main_scatterload                        0x08000135   Thumb Code     0  entry5.o(.ARM.Collect$$$$00000004)
    __main_after_scatterload                 0x08000139   Thumb Code     0  entry5.o(.ARM.Collect$$$$00000004)
    _main_clock                              0x08000139   Thumb Code     0  entry7b.o(.ARM.Collect$$$$00000008)
    _main_cpp_init                           0x08000139   Thumb Code     0  entry8b.o(.ARM.Collect$$$$0000000A)
    _main_init                               0x08000139   Thumb Code     0  entry9a.o(.ARM.Collect$$$$0000000B)
    __rt_final_cpp                           0x08000141   Thumb Code     0  entry10a.o(.ARM.Collect$$$$0000000D)
    __rt_final_exit                          0x08000141   Thumb Code     0  entry11a.o(.ARM.Collect$$$$0000000F)
    Reset_Handler                            0x08000145   Thumb Code     8  startup_stm32f103xe.o(.text)
    ADC1_2_IRQHandler                        0x0800015f   Thumb Code     0  startup_stm32f103xe.o(.text)
    ADC3_IRQHandler                          0x0800015f   Thumb Code     0  startup_stm32f103xe.o(.text)
    CAN1_RX1_IRQHandler                      0x0800015f   Thumb Code     0  startup_stm32f103xe.o(.text)
    CAN1_SCE_IRQHandler                      0x0800015f   Thumb Code     0  startup_stm32f103xe.o(.text)
    DMA1_Channel2_IRQHandler                 0x0800015f   Thumb Code     0  startup_stm32f103xe.o(.text)
    DMA1_Channel3_IRQHandler                 0x0800015f   Thumb Code     0  startup_stm32f103xe.o(.text)
    DMA1_Channel4_IRQHandler                 0x0800015f   Thumb Code     0  startup_stm32f103xe.o(.text)
    DMA1_Channel5_IRQHandler                 0x0800015f   Thumb Code     0  startup_stm32f103xe.o(.text)
    DMA1_Channel6_IRQHandler                 0x0800015f   Thumb Code     0  startup_stm32f103xe.o(.text)
    DMA1_Channel7_IRQHandler                 0x0800015f   Thumb Code     0  startup_stm32f103xe.o(.text)
    DMA2_Channel1_IRQHandler                 0x0800015f   Thumb Code     0  startup_stm32f103xe.o(.text)
    DMA2_Channel2_IRQHandler                 0x0800015f   Thumb Code     0  startup_stm32f103xe.o(.text)
    DMA2_Channel3_IRQHandler                 0x0800015f   Thumb Code     0  startup_stm32f103xe.o(.text)
    DMA2_Channel4_5_IRQHandler               0x0800015f   Thumb Code     0  startup_stm32f103xe.o(.text)
    EXTI0_IRQHandler                         0x0800015f   Thumb Code     0  startup_stm32f103xe.o(.text)
    EXTI15_10_IRQHandler                     0x0800015f   Thumb Code     0  startup_stm32f103xe.o(.text)
    EXTI1_IRQHandler                         0x0800015f   Thumb Code     0  startup_stm32f103xe.o(.text)
    EXTI2_IRQHandler                         0x0800015f   Thumb Code     0  startup_stm32f103xe.o(.text)
    EXTI3_IRQHandler                         0x0800015f   Thumb Code     0  startup_stm32f103xe.o(.text)
    EXTI4_IRQHandler                         0x0800015f   Thumb Code     0  startup_stm32f103xe.o(.text)
    EXTI9_5_IRQHandler                       0x0800015f   Thumb Code     0  startup_stm32f103xe.o(.text)
    FLASH_IRQHandler                         0x0800015f   Thumb Code     0  startup_stm32f103xe.o(.text)
    FSMC_IRQHandler                          0x0800015f   Thumb Code     0  startup_stm32f103xe.o(.text)
    I2C1_ER_IRQHandler                       0x0800015f   Thumb Code     0  startup_stm32f103xe.o(.text)
    I2C1_EV_IRQHandler                       0x0800015f   Thumb Code     0  startup_stm32f103xe.o(.text)
    I2C2_ER_IRQHandler                       0x0800015f   Thumb Code     0  startup_stm32f103xe.o(.text)
    I2C2_EV_IRQHandler                       0x0800015f   Thumb Code     0  startup_stm32f103xe.o(.text)
    PVD_IRQHandler                           0x0800015f   Thumb Code     0  startup_stm32f103xe.o(.text)
    RCC_IRQHandler                           0x0800015f   Thumb Code     0  startup_stm32f103xe.o(.text)
    RTC_Alarm_IRQHandler                     0x0800015f   Thumb Code     0  startup_stm32f103xe.o(.text)
    RTC_IRQHandler                           0x0800015f   Thumb Code     0  startup_stm32f103xe.o(.text)
    SDIO_IRQHandler                          0x0800015f   Thumb Code     0  startup_stm32f103xe.o(.text)
    SPI1_IRQHandler                          0x0800015f   Thumb Code     0  startup_stm32f103xe.o(.text)
    SPI2_IRQHandler                          0x0800015f   Thumb Code     0  startup_stm32f103xe.o(.text)
    SPI3_IRQHandler                          0x0800015f   Thumb Code     0  startup_stm32f103xe.o(.text)
    TAMPER_IRQHandler                        0x0800015f   Thumb Code     0  startup_stm32f103xe.o(.text)
    TIM1_BRK_IRQHandler                      0x0800015f   Thumb Code     0  startup_stm32f103xe.o(.text)
    TIM1_CC_IRQHandler                       0x0800015f   Thumb Code     0  startup_stm32f103xe.o(.text)
    TIM1_TRG_COM_IRQHandler                  0x0800015f   Thumb Code     0  startup_stm32f103xe.o(.text)
    TIM1_UP_IRQHandler                       0x0800015f   Thumb Code     0  startup_stm32f103xe.o(.text)
    TIM2_IRQHandler                          0x0800015f   Thumb Code     0  startup_stm32f103xe.o(.text)
    TIM3_IRQHandler                          0x0800015f   Thumb Code     0  startup_stm32f103xe.o(.text)
    TIM4_IRQHandler                          0x0800015f   Thumb Code     0  startup_stm32f103xe.o(.text)
    TIM5_IRQHandler                          0x0800015f   Thumb Code     0  startup_stm32f103xe.o(.text)
    TIM8_BRK_IRQHandler                      0x0800015f   Thumb Code     0  startup_stm32f103xe.o(.text)
    TIM8_CC_IRQHandler                       0x0800015f   Thumb Code     0  startup_stm32f103xe.o(.text)
    TIM8_TRG_COM_IRQHandler                  0x0800015f   Thumb Code     0  startup_stm32f103xe.o(.text)
    TIM8_UP_IRQHandler                       0x0800015f   Thumb Code     0  startup_stm32f103xe.o(.text)
    UART4_IRQHandler                         0x0800015f   Thumb Code     0  startup_stm32f103xe.o(.text)
    UART5_IRQHandler                         0x0800015f   Thumb Code     0  startup_stm32f103xe.o(.text)
    USBWakeUp_IRQHandler                     0x0800015f   Thumb Code     0  startup_stm32f103xe.o(.text)
    USB_HP_CAN1_TX_IRQHandler                0x0800015f   Thumb Code     0  startup_stm32f103xe.o(.text)
    USB_LP_CAN1_RX0_IRQHandler               0x0800015f   Thumb Code     0  startup_stm32f103xe.o(.text)
    WWDG_IRQHandler                          0x0800015f   Thumb Code     0  startup_stm32f103xe.o(.text)
    __aeabi_memset                           0x08000169   Thumb Code    14  memseta.o(.text)
    __aeabi_memset4                          0x08000169   Thumb Code     0  memseta.o(.text)
    __aeabi_memset8                          0x08000169   Thumb Code     0  memseta.o(.text)
    __aeabi_memclr                           0x08000177   Thumb Code     4  memseta.o(.text)
    __aeabi_memclr4                          0x08000177   Thumb Code     0  memseta.o(.text)
    __aeabi_memclr8                          0x08000177   Thumb Code     0  memseta.o(.text)
    _memset$wrapper                          0x0800017b   Thumb Code    18  memseta.o(.text)
    __aeabi_fadd                             0x0800018d   Thumb Code   164  fadd.o(.text)
    __aeabi_fsub                             0x08000231   Thumb Code     6  fadd.o(.text)
    __aeabi_frsub                            0x08000237   Thumb Code     6  fadd.o(.text)
    __aeabi_fmul                             0x0800023d   Thumb Code   100  fmul.o(.text)
    __aeabi_dmul                             0x080002a1   Thumb Code   228  dmul.o(.text)
    __aeabi_ddiv                             0x08000385   Thumb Code   222  ddiv.o(.text)
    __aeabi_fcmple                           0x08000463   Thumb Code    28  fcmple.o(.text)
    __aeabi_fcmplt                           0x0800047f   Thumb Code    28  fcmplt.o(.text)
    __aeabi_fcmpge                           0x0800049b   Thumb Code    28  fcmpge.o(.text)
    __aeabi_i2f                              0x080004b7   Thumb Code    18  fflti.o(.text)
    __aeabi_f2iz                             0x080004c9   Thumb Code    50  ffixi.o(.text)
    __aeabi_f2uiz                            0x080004fb   Thumb Code    40  ffixui.o(.text)
    __aeabi_uidiv                            0x08000523   Thumb Code     0  uidiv.o(.text)
    __aeabi_uidivmod                         0x08000523   Thumb Code    44  uidiv.o(.text)
    __aeabi_uldivmod                         0x0800054f   Thumb Code    98  uldiv.o(.text)
    __I$use$fp                               0x080005b1   Thumb Code     0  iusefp.o(.text)
    _float_round                             0x080005b1   Thumb Code    18  fepilogue.o(.text)
    _float_epilogue                          0x080005c3   Thumb Code    92  fepilogue.o(.text)
    _double_round                            0x0800061f   Thumb Code    30  depilogue.o(.text)
    _double_epilogue                         0x0800063d   Thumb Code   156  depilogue.o(.text)
    __aeabi_dadd                             0x080006d9   Thumb Code   322  dadd.o(.text)
    __aeabi_dsub                             0x0800081b   Thumb Code     6  dadd.o(.text)
    __aeabi_drsub                            0x08000821   Thumb Code     6  dadd.o(.text)
    __aeabi_d2ulz                            0x08000827   Thumb Code    48  dfixul.o(.text)
    __aeabi_cdrcmple                         0x08000859   Thumb Code    48  cdrcmple.o(.text)
    __scatterload                            0x08000889   Thumb Code    28  init.o(.text)
    __scatterload_rt2                        0x08000889   Thumb Code     0  init.o(.text)
    __aeabi_llsl                             0x080008ad   Thumb Code    30  llshl.o(.text)
    _ll_shift_l                              0x080008ad   Thumb Code     0  llshl.o(.text)
    __aeabi_llsr                             0x080008cb   Thumb Code    32  llushr.o(.text)
    _ll_ushift_r                             0x080008cb   Thumb Code     0  llushr.o(.text)
    __aeabi_lasr                             0x080008eb   Thumb Code    36  llsshr.o(.text)
    _ll_sshift_r                             0x080008eb   Thumb Code     0  llsshr.o(.text)
    ADC_ConversionStop_Disable               0x08000911   Thumb Code   130  stm32f1xx_hal_adc.o(.text.ADC_ConversionStop_Disable)
    BusFault_Handler                         0x08000995   Thumb Code     4  stm32f1xx_it.o(.text.BusFault_Handler)
    DMA1_Channel1_IRQHandler                 0x08000999   Thumb Code    16  stm32f1xx_it.o(.text.DMA1_Channel1_IRQHandler)
    DebugMon_Handler                         0x080009a9   Thumb Code     2  stm32f1xx_it.o(.text.DebugMon_Handler)
    Error_Handler                            0x080009ad   Thumb Code    14  main.o(.text.Error_Handler)
    GET_ENCODER_NUM                          0x080009bd   Thumb Code   208  pid.o(.text.GET_ENCODER_NUM)
    HAL_ADC_ConfigChannel                    0x08000a8d   Thumb Code   436  stm32f1xx_hal_adc.o(.text.HAL_ADC_ConfigChannel)
    HAL_ADC_Init                             0x08000c41   Thumb Code   594  stm32f1xx_hal_adc.o(.text.HAL_ADC_Init)
    HAL_ADC_MspInit                          0x08000e95   Thumb Code   258  adc.o(.text.HAL_ADC_MspInit)
    HAL_DMA_Abort                            0x08000f99   Thumb Code   124  stm32f1xx_hal_dma.o(.text.HAL_DMA_Abort)
    HAL_DMA_Abort_IT                         0x08001015   Thumb Code   792  stm32f1xx_hal_dma.o(.text.HAL_DMA_Abort_IT)
    HAL_DMA_IRQHandler                       0x0800132d   Thumb Code  1668  stm32f1xx_hal_dma.o(.text.HAL_DMA_IRQHandler)
    HAL_DMA_Init                             0x080019b1   Thumb Code   244  stm32f1xx_hal_dma.o(.text.HAL_DMA_Init)
    HAL_Delay                                0x08001aa5   Thumb Code    66  stm32f1xx_hal.o(.text.HAL_Delay)
    HAL_GPIO_Init                            0x08001ae9   Thumb Code   854  stm32f1xx_hal_gpio.o(.text.HAL_GPIO_Init)
    HAL_GPIO_WritePin                        0x08001e41   Thumb Code    46  stm32f1xx_hal_gpio.o(.text.HAL_GPIO_WritePin)
    HAL_GetTick                              0x08001e71   Thumb Code    12  stm32f1xx_hal.o(.text.HAL_GetTick)
    HAL_IncTick                              0x08001e7d   Thumb Code    26  stm32f1xx_hal.o(.text.HAL_IncTick)
    HAL_Init                                 0x08001e99   Thumb Code    44  stm32f1xx_hal.o(.text.HAL_Init)
    HAL_InitTick                             0x08001ec5   Thumb Code   112  stm32f1xx_hal.o(.text.HAL_InitTick)
    HAL_MspInit                              0x08001f35   Thumb Code   100  stm32f1xx_hal_msp.o(.text.HAL_MspInit)
    HAL_NVIC_EnableIRQ                       0x08001f99   Thumb Code    20  stm32f1xx_hal_cortex.o(.text.HAL_NVIC_EnableIRQ)
    HAL_NVIC_SetPriority                     0x08001fad   Thumb Code    50  stm32f1xx_hal_cortex.o(.text.HAL_NVIC_SetPriority)
    HAL_NVIC_SetPriorityGrouping             0x08001fe1   Thumb Code    16  stm32f1xx_hal_cortex.o(.text.HAL_NVIC_SetPriorityGrouping)
    HAL_RCCEx_PeriphCLKConfig                0x08001ff1   Thumb Code   456  stm32f1xx_hal_rcc_ex.o(.text.HAL_RCCEx_PeriphCLKConfig)
    HAL_RCC_ClockConfig                      0x080021b9   Thumb Code   598  stm32f1xx_hal_rcc.o(.text.HAL_RCC_ClockConfig)
    HAL_RCC_GetHCLKFreq                      0x08002411   Thumb Code    12  stm32f1xx_hal_rcc.o(.text.HAL_RCC_GetHCLKFreq)
    HAL_RCC_GetPCLK1Freq                     0x0800241d   Thumb Code    34  stm32f1xx_hal_rcc.o(.text.HAL_RCC_GetPCLK1Freq)
    HAL_RCC_GetPCLK2Freq                     0x08002441   Thumb Code    34  stm32f1xx_hal_rcc.o(.text.HAL_RCC_GetPCLK2Freq)
    HAL_RCC_GetSysClockFreq                  0x08002465   Thumb Code   228  stm32f1xx_hal_rcc.o(.text.HAL_RCC_GetSysClockFreq)
    HAL_RCC_OscConfig                        0x08002549   Thumb Code  1658  stm32f1xx_hal_rcc.o(.text.HAL_RCC_OscConfig)
    HAL_SYSTICK_Config                       0x08002bc5   Thumb Code    16  stm32f1xx_hal_cortex.o(.text.HAL_SYSTICK_Config)
    HAL_TIMEx_BreakCallback                  0x08002bd5   Thumb Code     8  stm32f1xx_hal_tim_ex.o(.text.HAL_TIMEx_BreakCallback)
    HAL_TIMEx_CommutCallback                 0x08002bdd   Thumb Code     8  stm32f1xx_hal_tim_ex.o(.text.HAL_TIMEx_CommutCallback)
    HAL_TIMEx_ConfigBreakDeadTime            0x08002be5   Thumb Code   178  stm32f1xx_hal_tim_ex.o(.text.HAL_TIMEx_ConfigBreakDeadTime)
    HAL_TIMEx_MasterConfigSynchronization    0x08002c99   Thumb Code   256  stm32f1xx_hal_tim_ex.o(.text.HAL_TIMEx_MasterConfigSynchronization)
    HAL_TIM_Base_Init                        0x08002d99   Thumb Code   156  stm32f1xx_hal_tim.o(.text.HAL_TIM_Base_Init)
    HAL_TIM_Base_MspInit                     0x08002e35   Thumb Code   148  tim.o(.text.HAL_TIM_Base_MspInit)
    HAL_TIM_Base_Start_IT                    0x08002ec9   Thumb Code   212  stm32f1xx_hal_tim.o(.text.HAL_TIM_Base_Start_IT)
    HAL_TIM_Encoder_Init                     0x08002f9d   Thumb Code   296  stm32f1xx_hal_tim.o(.text.HAL_TIM_Encoder_Init)
    HAL_TIM_Encoder_MspInit                  0x080030c5   Thumb Code   266  tim.o(.text.HAL_TIM_Encoder_MspInit)
    HAL_TIM_Encoder_Start                    0x080031d1   Thumb Code   334  stm32f1xx_hal_tim.o(.text.HAL_TIM_Encoder_Start)
    HAL_TIM_IC_CaptureCallback               0x08003321   Thumb Code     8  stm32f1xx_hal_tim.o(.text.HAL_TIM_IC_CaptureCallback)
    HAL_TIM_IRQHandler                       0x08003329   Thumb Code   634  stm32f1xx_hal_tim.o(.text.HAL_TIM_IRQHandler)
    HAL_TIM_MspPostInit                      0x080035a5   Thumb Code    96  tim.o(.text.HAL_TIM_MspPostInit)
    HAL_TIM_OC_DelayElapsedCallback          0x08003605   Thumb Code     8  stm32f1xx_hal_tim.o(.text.HAL_TIM_OC_DelayElapsedCallback)
    HAL_TIM_PWM_ConfigChannel                0x0800360d   Thumb Code   308  stm32f1xx_hal_tim.o(.text.HAL_TIM_PWM_ConfigChannel)
    HAL_TIM_PWM_Init                         0x08003741   Thumb Code   156  stm32f1xx_hal_tim.o(.text.HAL_TIM_PWM_Init)
    HAL_TIM_PWM_MspInit                      0x080037dd   Thumb Code    58  tim.o(.text.HAL_TIM_PWM_MspInit)
    HAL_TIM_PWM_PulseFinishedCallback        0x08003819   Thumb Code     8  stm32f1xx_hal_tim.o(.text.HAL_TIM_PWM_PulseFinishedCallback)
    HAL_TIM_PWM_Start                        0x08003821   Thumb Code   426  stm32f1xx_hal_tim.o(.text.HAL_TIM_PWM_Start)
    HAL_TIM_PWM_Stop                         0x080039cd   Thumb Code   264  stm32f1xx_hal_tim.o(.text.HAL_TIM_PWM_Stop)
    HAL_TIM_PeriodElapsedCallback            0x08003ad5   Thumb Code  1074  mynvic.o(.text.HAL_TIM_PeriodElapsedCallback)
    HAL_TIM_TriggerCallback                  0x08003f09   Thumb Code     8  stm32f1xx_hal_tim.o(.text.HAL_TIM_TriggerCallback)
    HAL_UARTEx_RxEventCallback               0x08003f11   Thumb Code    12  stm32f1xx_hal_uart.o(.text.HAL_UARTEx_RxEventCallback)
    HAL_UART_ErrorCallback                   0x08003f1d   Thumb Code     8  stm32f1xx_hal_uart.o(.text.HAL_UART_ErrorCallback)
    HAL_UART_IRQHandler                      0x08003f25   Thumb Code   836  stm32f1xx_hal_uart.o(.text.HAL_UART_IRQHandler)
    HAL_UART_Init                            0x08004269   Thumb Code   154  stm32f1xx_hal_uart.o(.text.HAL_UART_Init)
    HAL_UART_MspInit                         0x08004305   Thumb Code   504  usart.o(.text.HAL_UART_MspInit)
    HAL_UART_Receive_IT                      0x080044fd   Thumb Code   120  stm32f1xx_hal_uart.o(.text.HAL_UART_Receive_IT)
    HAL_UART_RxCpltCallback                  0x08004575   Thumb Code   130  myusart.o(.text.HAL_UART_RxCpltCallback)
    HAL_UART_Transmit                        0x080045f9   Thumb Code   334  stm32f1xx_hal_uart.o(.text.HAL_UART_Transmit)
    HAL_UART_TxCpltCallback                  0x08004749   Thumb Code     8  stm32f1xx_hal_uart.o(.text.HAL_UART_TxCpltCallback)
    HardFault_Handler                        0x08004751   Thumb Code     4  stm32f1xx_it.o(.text.HardFault_Handler)
    MX_ADC1_Init                             0x08004755   Thumb Code   238  adc.o(.text.MX_ADC1_Init)
    MX_DMA_Init                              0x08004845   Thumb Code    56  dma.o(.text.MX_DMA_Init)
    MX_GPIO_Init                             0x0800487d   Thumb Code   308  gpio.o(.text.MX_GPIO_Init)
    MX_TIM1_Init                             0x080049b1   Thumb Code   254  tim.o(.text.MX_TIM1_Init)
    MX_TIM2_Init                             0x08004ab1   Thumb Code   122  tim.o(.text.MX_TIM2_Init)
    MX_TIM3_Init                             0x08004b2d   Thumb Code   126  tim.o(.text.MX_TIM3_Init)
    MX_TIM6_Init                             0x08004bad   Thumb Code    92  tim.o(.text.MX_TIM6_Init)
    MX_TIM7_Init                             0x08004c09   Thumb Code    90  tim.o(.text.MX_TIM7_Init)
    MX_USART1_UART_Init                      0x08004c65   Thumb Code    64  usart.o(.text.MX_USART1_UART_Init)
    MX_USART2_UART_Init                      0x08004ca5   Thumb Code    64  usart.o(.text.MX_USART2_UART_Init)
    MX_USART3_UART_Init                      0x08004ce5   Thumb Code    64  usart.o(.text.MX_USART3_UART_Init)
    MemManage_Handler                        0x08004d25   Thumb Code     4  stm32f1xx_it.o(.text.MemManage_Handler)
    Motor_Disable                            0x08004d29   Thumb Code    44  control.o(.text.Motor_Disable)
    Motor_Enable                             0x08004d55   Thumb Code    44  control.o(.text.Motor_Enable)
    NMI_Handler                              0x08004d81   Thumb Code     4  stm32f1xx_it.o(.text.NMI_Handler)
    Openmv1_Receive_Data                     0x08004df1   Thumb Code   474  myusart.o(.text.Openmv1_Receive_Data)
    Openmv2_Receive_Data                     0x08004fcd   Thumb Code   402  myusart.o(.text.Openmv2_Receive_Data)
    PID_param_init                           0x08005161   Thumb Code   132  pid.o(.text.PID_param_init)
    PendSV_Handler                           0x080051e5   Thumb Code     2  stm32f1xx_it.o(.text.PendSV_Handler)
    SVC_Handler                              0x08005225   Thumb Code     2  stm32f1xx_it.o(.text.SVC_Handler)
    SendData_toOpenmv                        0x08005229   Thumb Code   102  myusart.o(.text.SendData_toOpenmv)
    SysTick_Handler                          0x080052e5   Thumb Code    22  stm32f1xx_it.o(.text.SysTick_Handler)
    SystemClock_Config                       0x080052fd   Thumb Code   148  main.o(.text.SystemClock_Config)
    SystemInit                               0x08005391   Thumb Code     2  system_stm32f1xx.o(.text.SystemInit)
    TIM6_IRQHandler                          0x08005395   Thumb Code    16  stm32f1xx_it.o(.text.TIM6_IRQHandler)
    TIM7_IRQHandler                          0x080053a5   Thumb Code    16  stm32f1xx_it.o(.text.TIM7_IRQHandler)
    TIM_Base_SetConfig                       0x080053b5   Thumb Code   320  stm32f1xx_hal_tim.o(.text.TIM_Base_SetConfig)
    TIM_CCxChannelCmd                        0x080054f5   Thumb Code    54  stm32f1xx_hal_tim.o(.text.TIM_CCxChannelCmd)
    TIM_OC2_SetConfig                        0x0800561d   Thumb Code   248  stm32f1xx_hal_tim.o(.text.TIM_OC2_SetConfig)
    Task_action                              0x080058b5   Thumb Code   348  control.o(.text.Task_action)
    UART_Start_Receive_IT                    0x08005ca9   Thumb Code   100  stm32f1xx_hal_uart.o(.text.UART_Start_Receive_IT)
    USART1_IRQHandler                        0x08005e3d   Thumb Code    16  stm32f1xx_it.o(.text.USART1_IRQHandler)
    USART2_IRQHandler                        0x08005e4d   Thumb Code    16  stm32f1xx_it.o(.text.USART2_IRQHandler)
    USART3_IRQHandler                        0x08005e5d   Thumb Code    16  stm32f1xx_it.o(.text.USART3_IRQHandler)
    UsageFault_Handler                       0x08005e6d   Thumb Code     4  stm32f1xx_it.o(.text.UsageFault_Handler)
    car_spinctl                              0x08005f31   Thumb Code  2642  pid_location.o(.text.car_spinctl)
    fputc                                    0x08006985   Thumb Code    34  myusart.o(.text.fputc)
    get_pid_target                           0x080069a9   Thumb Code    12  pid.o(.text.get_pid_target)
    gohome                                   0x080069b5   Thumb Code  1976  control.o(.text.gohome)
    main                                     0x0800716d   Thumb Code   226  main.o(.text.main)
    motor_L_Return                           0x08007251   Thumb Code    36  control.o(.text.motor_L_Return)
    motor_L_turn                             0x08007275   Thumb Code    36  control.o(.text.motor_L_turn)
    motor_R_Return                           0x08007299   Thumb Code    38  control.o(.text.motor_R_Return)
    motor_R_turn                             0x080072c1   Thumb Code    38  control.o(.text.motor_R_turn)
    set_pid_target                           0x080072e9   Thumb Code    16  pid.o(.text.set_pid_target)
    speed_pid_realize                        0x080072f9   Thumb Code   234  pid.o(.text.speed_pid_realize)
    twomotor_ctl                             0x080073e5   Thumb Code    44  control.o(.text.twomotor_ctl)
    __0printf                                0x08007411   Thumb Code    22  printfa.o(i.__0printf)
    __1printf                                0x08007411   Thumb Code     0  printfa.o(i.__0printf)
    __2printf                                0x08007411   Thumb Code     0  printfa.o(i.__0printf)
    __c89printf                              0x08007411   Thumb Code     0  printfa.o(i.__0printf)
    printf                                   0x08007411   Thumb Code     0  printfa.o(i.__0printf)
    __0sprintf                               0x08007431   Thumb Code    34  printfa.o(i.__0sprintf)
    __1sprintf                               0x08007431   Thumb Code     0  printfa.o(i.__0sprintf)
    __2sprintf                               0x08007431   Thumb Code     0  printfa.o(i.__0sprintf)
    __c89sprintf                             0x08007431   Thumb Code     0  printfa.o(i.__0sprintf)
    sprintf                                  0x08007431   Thumb Code     0  printfa.o(i.__0sprintf)
    __scatterload_copy                       0x08007459   Thumb Code    14  handlers.o(i.__scatterload_copy)
    __scatterload_null                       0x08007467   Thumb Code     2  handlers.o(i.__scatterload_null)
    __scatterload_zeroinit                   0x08007469   Thumb Code    14  handlers.o(i.__scatterload_zeroinit)
    AHBPrescTable                            0x08007d34   Data          16  system_stm32f1xx.o(.rodata.AHBPrescTable)
    APBPrescTable                            0x08007d44   Data           8  system_stm32f1xx.o(.rodata.APBPrescTable)
    Region$$Table$$Base                      0x08007d58   Number         0  anon$$obj.o(Region$$Table)
    Region$$Table$$Limit                     0x08007d78   Number         0  anon$$obj.o(Region$$Table)
    __stdout                                 0x20000000   Data           4  stdout.o(.data)
    SystemCoreClock                          0x20000004   Data           4  system_stm32f1xx.o(.data.SystemCoreClock)
    Task_flag                                0x20000008   Data           4  myusart.o(.data.Task_flag)
    cnt_LOR                                  0x2000000c   Data           1  mynvic.o(.data.cnt_LOR)
    uwTickFreq                               0x2000000d   Data           1  stm32f1xx_hal.o(.data.uwTickFreq)
    uwTickPrio                               0x20000010   Data           4  stm32f1xx_hal.o(.data.uwTickPrio)
    Do_count                                 0x20000018   Data           1  control.o(.bss.Do_count)
    LOR                                      0x20000019   Data           1  mynvic.o(.bss.LOR)
    Load_flag                                0x2000001a   Data           1  sensor.o(.bss.Load_flag)
    Motor_en                                 0x2000001b   Data           1  control.o(.bss.Motor_en)
    Num                                      0x2000001c   Data           1  myusart.o(.bss.Num)
    OUTPUT                                   0x20000020   Data           4  myusart.o(.bss.OUTPUT)
    Sendbuff                                 0x20000098   Data           8  myusart.o(.bss.Sendbuff)
    SendtoOV_time                            0x200000a0   Data           2  mynvic.o(.bss.SendtoOV_time)
    Stop_flag                                0x200000a2   Data           1  myusart.o(.bss.Stop_flag)
    a                                        0x200000a4   Data           4  pid_location.o(.bss.a)
    b                                        0x200000a8   Data           4  pid_location.o(.bss.b)
    cnt_L                                    0x200000ac   Data           1  mynvic.o(.bss.cnt_L)
    cnt_R                                    0x200000ad   Data           1  mynvic.o(.bss.cnt_R)
    cnt_temp1                                0x200000ae   Data           2  pid.o(.bss.cnt_temp1)
    cnt_temp2                                0x200000b0   Data           2  pid.o(.bss.cnt_temp2)
    delay_time                               0x200000b2   Data           2  pid_location.o(.bss.delay_time)
    delay_time2                              0x200000b4   Data           2  pid_location.o(.bss.delay_time2)
    en_switch                                0x200000b6   Data           1  control.o(.bss.en_switch)
    g_lMotor1PulseSigma                      0x200000b8   Data           4  pid.o(.bss.g_lMotor1PulseSigma)
    g_lMotor2PulseSigma                      0x200000bc   Data           4  pid.o(.bss.g_lMotor2PulseSigma)
    g_nMotor1Pulse                           0x200000c0   Data           2  pid.o(.bss.g_nMotor1Pulse)
    g_nMotor2Pulse                           0x200000c2   Data           2  pid.o(.bss.g_nMotor2Pulse)
    hadc1                                    0x200000c4   Data          48  adc.o(.bss.hadc1)
    hdma_adc1                                0x200000f4   Data          68  adc.o(.bss.hdma_adc1)
    homespin_time                            0x20000138   Data           2  mynvic.o(.bss.homespin_time)
    htim1                                    0x2000013c   Data          72  tim.o(.bss.htim1)
    htim2                                    0x20000184   Data          72  tim.o(.bss.htim2)
    htim3                                    0x200001cc   Data          72  tim.o(.bss.htim3)
    htim6                                    0x20000214   Data          72  tim.o(.bss.htim6)
    htim7                                    0x2000025c   Data          72  tim.o(.bss.htim7)
    huart1                                   0x200002a4   Data          68  usart.o(.bss.huart1)
    huart2                                   0x200002e8   Data          68  usart.o(.bss.huart2)
    huart3                                   0x2000032c   Data          68  usart.o(.bss.huart3)
    lor                                      0x20000370   Data           1  mynvic.o(.bss.lor)
    output                                   0x20000374   Data           4  myusart.o(.bss.output)
    pid_location1                            0x20000378   Data          32  pid.o(.bss.pid_location1)
    pid_location2                            0x20000398   Data          32  pid.o(.bss.pid_location2)
    pid_speed1                               0x200003b8   Data          32  pid.o(.bss.pid_speed1)
    pid_speed2                               0x200003d8   Data          32  pid.o(.bss.pid_speed2)
    preLOR                                   0x200003f8   Data           1  myusart.o(.bss.preLOR)
    preback_time                             0x200003fa   Data           2  mynvic.o(.bss.preback_time)
    prespin_time                             0x200003fc   Data           2  mynvic.o(.bss.prespin_time)
    preturn_flag                             0x200003fe   Data           1  control.o(.bss.preturn_flag)
    receive_flag1                            0x200003ff   Data           1  myusart.o(.bss.receive_flag1)
    receive_flag2                            0x20000400   Data           1  myusart.o(.bss.receive_flag2)
    road                                     0x20000401   Data           1  myusart.o(.bss.road)
    speed1_Outval                            0x20000404   Data           4  pid.o(.bss.speed1_Outval)
    speed2_Outval                            0x20000408   Data           4  pid.o(.bss.speed2_Outval)
    spinback_flag                            0x2000040c   Data           1  control.o(.bss.spinback_flag)
    spinturn_flag                            0x2000040d   Data           1  control.o(.bss.spinturn_flag)
    uart2_rxbuff                             0x2000040e   Data           1  myusart.o(.bss.uart2_rxbuff)
    uart3_rxbuff                             0x2000040f   Data           1  myusart.o(.bss.uart3_rxbuff)
    uwTick                                   0x20000410   Data           4  stm32f1xx_hal.o(.bss.uwTick)
    __initial_sp                             0x20000818   Data           0  startup_stm32f103xe.o(STACK)



==============================================================================

Memory Map of the image

  Image Entry point : 0x08000131

  Load Region LR_IROM1 (Base: 0x08000000, Size: 0x00007d90, Max: 0x00040000, ABSOLUTE)

    Execution Region ER_IROM1 (Exec base: 0x08000000, Load base: 0x08000000, Size: 0x00007d78, Max: 0x00040000, ABSOLUTE)

    Exec Addr    Load Addr    Size         Type   Attr      Idx    E Section Name        Object

    0x08000000   0x08000000   0x00000130   Data   RO            3    RESET               startup_stm32f103xe.o
    0x08000130   0x08000130   0x00000000   Code   RO         1291  * .ARM.Collect$$$$00000000  mc_w.l(entry.o)
    0x08000130   0x08000130   0x00000004   Code   RO         1348    .ARM.Collect$$$$00000001  mc_w.l(entry2.o)
    0x08000134   0x08000134   0x00000004   Code   RO         1351    .ARM.Collect$$$$00000004  mc_w.l(entry5.o)
    0x08000138   0x08000138   0x00000000   Code   RO         1353    .ARM.Collect$$$$00000008  mc_w.l(entry7b.o)
    0x08000138   0x08000138   0x00000000   Code   RO         1355    .ARM.Collect$$$$0000000A  mc_w.l(entry8b.o)
    0x08000138   0x08000138   0x00000008   Code   RO         1356    .ARM.Collect$$$$0000000B  mc_w.l(entry9a.o)
    0x08000140   0x08000140   0x00000000   Code   RO         1358    .ARM.Collect$$$$0000000D  mc_w.l(entry10a.o)
    0x08000140   0x08000140   0x00000000   Code   RO         1360    .ARM.Collect$$$$0000000F  mc_w.l(entry11a.o)
    0x08000140   0x08000140   0x00000004   Code   RO         1349    .ARM.Collect$$$$00002712  mc_w.l(entry2.o)
    0x08000144   0x08000144   0x00000024   Code   RO            4    .text               startup_stm32f103xe.o
    0x08000168   0x08000168   0x00000024   Code   RO         1294    .text               mc_w.l(memseta.o)
    0x0800018c   0x0800018c   0x000000b0   Code   RO         1324    .text               mf_w.l(fadd.o)
    0x0800023c   0x0800023c   0x00000064   Code   RO         1326    .text               mf_w.l(fmul.o)
    0x080002a0   0x080002a0   0x000000e4   Code   RO         1328    .text               mf_w.l(dmul.o)
    0x08000384   0x08000384   0x000000de   Code   RO         1330    .text               mf_w.l(ddiv.o)
    0x08000462   0x08000462   0x0000001c   Code   RO         1332    .text               mf_w.l(fcmple.o)
    0x0800047e   0x0800047e   0x0000001c   Code   RO         1334    .text               mf_w.l(fcmplt.o)
    0x0800049a   0x0800049a   0x0000001c   Code   RO         1336    .text               mf_w.l(fcmpge.o)
    0x080004b6   0x080004b6   0x00000012   Code   RO         1338    .text               mf_w.l(fflti.o)
    0x080004c8   0x080004c8   0x00000032   Code   RO         1340    .text               mf_w.l(ffixi.o)
    0x080004fa   0x080004fa   0x00000028   Code   RO         1342    .text               mf_w.l(ffixui.o)
    0x08000522   0x08000522   0x0000002c   Code   RO         1372    .text               mc_w.l(uidiv.o)
    0x0800054e   0x0800054e   0x00000062   Code   RO         1374    .text               mc_w.l(uldiv.o)
    0x080005b0   0x080005b0   0x00000000   Code   RO         1376    .text               mc_w.l(iusefp.o)
    0x080005b0   0x080005b0   0x0000006e   Code   RO         1377    .text               mf_w.l(fepilogue.o)
    0x0800061e   0x0800061e   0x000000ba   Code   RO         1379    .text               mf_w.l(depilogue.o)
    0x080006d8   0x080006d8   0x0000014e   Code   RO         1381    .text               mf_w.l(dadd.o)
    0x08000826   0x08000826   0x00000030   Code   RO         1383    .text               mf_w.l(dfixul.o)
    0x08000856   0x08000856   0x00000002   PAD
    0x08000858   0x08000858   0x00000030   Code   RO         1385    .text               mf_w.l(cdrcmple.o)
    0x08000888   0x08000888   0x00000024   Code   RO         1387    .text               mc_w.l(init.o)
    0x080008ac   0x080008ac   0x0000001e   Code   RO         1389    .text               mc_w.l(llshl.o)
    0x080008ca   0x080008ca   0x00000020   Code   RO         1391    .text               mc_w.l(llushr.o)
    0x080008ea   0x080008ea   0x00000024   Code   RO         1393    .text               mc_w.l(llsshr.o)
    0x0800090e   0x0800090e   0x00000002   PAD
    0x08000910   0x08000910   0x00000082   Code   RO          175    .text.ADC_ConversionStop_Disable  stm32f1xx_hal_adc.o
    0x08000992   0x08000992   0x00000002   PAD
    0x08000994   0x08000994   0x00000004   Code   RO          119    .text.BusFault_Handler  stm32f1xx_it.o
    0x08000998   0x08000998   0x00000010   Code   RO          131    .text.DMA1_Channel1_IRQHandler  stm32f1xx_it.o
    0x080009a8   0x080009a8   0x00000002   Code   RO          125    .text.DebugMon_Handler  stm32f1xx_it.o
    0x080009aa   0x080009aa   0x00000002   PAD
    0x080009ac   0x080009ac   0x0000000e   Code   RO           15    .text.Error_Handler  main.o
    0x080009ba   0x080009ba   0x00000002   PAD
    0x080009bc   0x080009bc   0x000000d0   Code   RO         1244    .text.GET_ENCODER_NUM  pid.o
    0x08000a8c   0x08000a8c   0x000001b4   Code   RO          217    .text.HAL_ADC_ConfigChannel  stm32f1xx_hal_adc.o
    0x08000c40   0x08000c40   0x00000252   Code   RO          171    .text.HAL_ADC_Init  stm32f1xx_hal_adc.o
    0x08000e92   0x08000e92   0x00000002   PAD
    0x08000e94   0x08000e94   0x00000102   Code   RO           36    .text.HAL_ADC_MspInit  adc.o
    0x08000f96   0x08000f96   0x00000002   PAD
    0x08000f98   0x08000f98   0x0000007c   Code   RO          412    .text.HAL_DMA_Abort  stm32f1xx_hal_dma.o
    0x08001014   0x08001014   0x00000318   Code   RO          414    .text.HAL_DMA_Abort_IT  stm32f1xx_hal_dma.o
    0x0800132c   0x0800132c   0x00000684   Code   RO          418    .text.HAL_DMA_IRQHandler  stm32f1xx_hal_dma.o
    0x080019b0   0x080019b0   0x000000f4   Code   RO          402    .text.HAL_DMA_Init  stm32f1xx_hal_dma.o
    0x08001aa4   0x08001aa4   0x00000042   Code   RO          285    .text.HAL_Delay     stm32f1xx_hal.o
    0x08001ae6   0x08001ae6   0x00000002   PAD
    0x08001ae8   0x08001ae8   0x00000356   Code   RO          379    .text.HAL_GPIO_Init  stm32f1xx_hal_gpio.o
    0x08001e3e   0x08001e3e   0x00000002   PAD
    0x08001e40   0x08001e40   0x0000002e   Code   RO          385    .text.HAL_GPIO_WritePin  stm32f1xx_hal_gpio.o
    0x08001e6e   0x08001e6e   0x00000002   PAD
    0x08001e70   0x08001e70   0x0000000c   Code   RO          277    .text.HAL_GetTick   stm32f1xx_hal.o
    0x08001e7c   0x08001e7c   0x0000001a   Code   RO          275    .text.HAL_IncTick   stm32f1xx_hal.o
    0x08001e96   0x08001e96   0x00000002   PAD
    0x08001e98   0x08001e98   0x0000002c   Code   RO          265    .text.HAL_Init      stm32f1xx_hal.o
    0x08001ec4   0x08001ec4   0x00000070   Code   RO          267    .text.HAL_InitTick  stm32f1xx_hal.o
    0x08001f34   0x08001f34   0x00000064   Code   RO          150    .text.HAL_MspInit   stm32f1xx_hal_msp.o
    0x08001f98   0x08001f98   0x00000014   Code   RO          447    .text.HAL_NVIC_EnableIRQ  stm32f1xx_hal_cortex.o
    0x08001fac   0x08001fac   0x00000032   Code   RO          439    .text.HAL_NVIC_SetPriority  stm32f1xx_hal_cortex.o
    0x08001fde   0x08001fde   0x00000002   PAD
    0x08001fe0   0x08001fe0   0x00000010   Code   RO          435    .text.HAL_NVIC_SetPriorityGrouping  stm32f1xx_hal_cortex.o
    0x08001ff0   0x08001ff0   0x000001c8   Code   RO          364    .text.HAL_RCCEx_PeriphCLKConfig  stm32f1xx_hal_rcc_ex.o
    0x080021b8   0x080021b8   0x00000256   Code   RO          331    .text.HAL_RCC_ClockConfig  stm32f1xx_hal_rcc.o
    0x0800240e   0x0800240e   0x00000002   PAD
    0x08002410   0x08002410   0x0000000c   Code   RO          341    .text.HAL_RCC_GetHCLKFreq  stm32f1xx_hal_rcc.o
    0x0800241c   0x0800241c   0x00000022   Code   RO          343    .text.HAL_RCC_GetPCLK1Freq  stm32f1xx_hal_rcc.o
    0x0800243e   0x0800243e   0x00000002   PAD
    0x08002440   0x08002440   0x00000022   Code   RO          345    .text.HAL_RCC_GetPCLK2Freq  stm32f1xx_hal_rcc.o
    0x08002462   0x08002462   0x00000002   PAD
    0x08002464   0x08002464   0x000000e4   Code   RO          333    .text.HAL_RCC_GetSysClockFreq  stm32f1xx_hal_rcc.o
    0x08002548   0x08002548   0x0000067a   Code   RO          327    .text.HAL_RCC_OscConfig  stm32f1xx_hal_rcc.o
    0x08002bc2   0x08002bc2   0x00000002   PAD
    0x08002bc4   0x08002bc4   0x00000010   Code   RO          459    .text.HAL_SYSTICK_Config  stm32f1xx_hal_cortex.o
    0x08002bd4   0x08002bd4   0x00000008   Code   RO          966    .text.HAL_TIMEx_BreakCallback  stm32f1xx_hal_tim_ex.o
    0x08002bdc   0x08002bdc   0x00000008   Code   RO          962    .text.HAL_TIMEx_CommutCallback  stm32f1xx_hal_tim_ex.o
    0x08002be4   0x08002be4   0x000000b2   Code   RO          958    .text.HAL_TIMEx_ConfigBreakDeadTime  stm32f1xx_hal_tim_ex.o
    0x08002c96   0x08002c96   0x00000002   PAD
    0x08002c98   0x08002c98   0x00000100   Code   RO          956    .text.HAL_TIMEx_MasterConfigSynchronization  stm32f1xx_hal_tim_ex.o
    0x08002d98   0x08002d98   0x0000009c   Code   RO          643    .text.HAL_TIM_Base_Init  stm32f1xx_hal_tim.o
    0x08002e34   0x08002e34   0x00000094   Code   RO           73    .text.HAL_TIM_Base_MspInit  tim.o
    0x08002ec8   0x08002ec8   0x000000d4   Code   RO          657    .text.HAL_TIM_Base_Start_IT  stm32f1xx_hal_tim.o
    0x08002f9c   0x08002f9c   0x00000128   Code   RO          757    .text.HAL_TIM_Encoder_Init  stm32f1xx_hal_tim.o
    0x080030c4   0x080030c4   0x0000010a   Code   RO           71    .text.HAL_TIM_Encoder_MspInit  tim.o
    0x080031ce   0x080031ce   0x00000002   PAD
    0x080031d0   0x080031d0   0x0000014e   Code   RO          765    .text.HAL_TIM_Encoder_Start  stm32f1xx_hal_tim.o
    0x0800331e   0x0800331e   0x00000002   PAD
    0x08003320   0x08003320   0x00000008   Code   RO          779    .text.HAL_TIM_IC_CaptureCallback  stm32f1xx_hal_tim.o
    0x08003328   0x08003328   0x0000027a   Code   RO          777    .text.HAL_TIM_IRQHandler  stm32f1xx_hal_tim.o
    0x080035a2   0x080035a2   0x00000002   PAD
    0x080035a4   0x080035a4   0x00000060   Code   RO           59    .text.HAL_TIM_MspPostInit  tim.o
    0x08003604   0x08003604   0x00000008   Code   RO          781    .text.HAL_TIM_OC_DelayElapsedCallback  stm32f1xx_hal_tim.o
    0x0800360c   0x0800360c   0x00000134   Code   RO          809    .text.HAL_TIM_PWM_ConfigChannel  stm32f1xx_hal_tim.o
    0x08003740   0x08003740   0x0000009c   Code   RO          697    .text.HAL_TIM_PWM_Init  stm32f1xx_hal_tim.o
    0x080037dc   0x080037dc   0x0000003a   Code   RO           69    .text.HAL_TIM_PWM_MspInit  tim.o
    0x08003816   0x08003816   0x00000002   PAD
    0x08003818   0x08003818   0x00000008   Code   RO          783    .text.HAL_TIM_PWM_PulseFinishedCallback  stm32f1xx_hal_tim.o
    0x08003820   0x08003820   0x000001aa   Code   RO          705    .text.HAL_TIM_PWM_Start  stm32f1xx_hal_tim.o
    0x080039ca   0x080039ca   0x00000002   PAD
    0x080039cc   0x080039cc   0x00000108   Code   RO          707    .text.HAL_TIM_PWM_Stop  stm32f1xx_hal_tim.o
    0x08003ad4   0x08003ad4   0x00000432   Code   RO         1212    .text.HAL_TIM_PeriodElapsedCallback  mynvic.o
    0x08003f06   0x08003f06   0x00000002   PAD
    0x08003f08   0x08003f08   0x00000008   Code   RO          787    .text.HAL_TIM_TriggerCallback  stm32f1xx_hal_tim.o
    0x08003f10   0x08003f10   0x0000000c   Code   RO         1069    .text.HAL_UARTEx_RxEventCallback  stm32f1xx_hal_uart.o
    0x08003f1c   0x08003f1c   0x00000008   Code   RO         1067    .text.HAL_UART_ErrorCallback  stm32f1xx_hal_uart.o
    0x08003f24   0x08003f24   0x00000344   Code   RO         1061    .text.HAL_UART_IRQHandler  stm32f1xx_hal_uart.o
    0x08004268   0x08004268   0x0000009a   Code   RO          979    .text.HAL_UART_Init  stm32f1xx_hal_uart.o
    0x08004302   0x08004302   0x00000002   PAD
    0x08004304   0x08004304   0x000001f8   Code   RO           99    .text.HAL_UART_MspInit  usart.o
    0x080044fc   0x080044fc   0x00000078   Code   RO         1003    .text.HAL_UART_Receive_IT  stm32f1xx_hal_uart.o
    0x08004574   0x08004574   0x00000082   Code   RO         1130    .text.HAL_UART_RxCpltCallback  myusart.o
    0x080045f6   0x080045f6   0x00000002   PAD
    0x080045f8   0x080045f8   0x0000014e   Code   RO          995    .text.HAL_UART_Transmit  stm32f1xx_hal_uart.o
    0x08004746   0x08004746   0x00000002   PAD
    0x08004748   0x08004748   0x00000008   Code   RO         1075    .text.HAL_UART_TxCpltCallback  stm32f1xx_hal_uart.o
    0x08004750   0x08004750   0x00000004   Code   RO          115    .text.HardFault_Handler  stm32f1xx_it.o
    0x08004754   0x08004754   0x000000ee   Code   RO           34    .text.MX_ADC1_Init  adc.o
    0x08004842   0x08004842   0x00000002   PAD
    0x08004844   0x08004844   0x00000038   Code   RO           49    .text.MX_DMA_Init   dma.o
    0x0800487c   0x0800487c   0x00000134   Code   RO           26    .text.MX_GPIO_Init  gpio.o
    0x080049b0   0x080049b0   0x000000fe   Code   RO           57    .text.MX_TIM1_Init  tim.o
    0x08004aae   0x08004aae   0x00000002   PAD
    0x08004ab0   0x08004ab0   0x0000007a   Code   RO           61    .text.MX_TIM2_Init  tim.o
    0x08004b2a   0x08004b2a   0x00000002   PAD
    0x08004b2c   0x08004b2c   0x0000007e   Code   RO           63    .text.MX_TIM3_Init  tim.o
    0x08004baa   0x08004baa   0x00000002   PAD
    0x08004bac   0x08004bac   0x0000005c   Code   RO           65    .text.MX_TIM6_Init  tim.o
    0x08004c08   0x08004c08   0x0000005a   Code   RO           67    .text.MX_TIM7_Init  tim.o
    0x08004c62   0x08004c62   0x00000002   PAD
    0x08004c64   0x08004c64   0x00000040   Code   RO           93    .text.MX_USART1_UART_Init  usart.o
    0x08004ca4   0x08004ca4   0x00000040   Code   RO           95    .text.MX_USART2_UART_Init  usart.o
    0x08004ce4   0x08004ce4   0x00000040   Code   RO           97    .text.MX_USART3_UART_Init  usart.o
    0x08004d24   0x08004d24   0x00000004   Code   RO          117    .text.MemManage_Handler  stm32f1xx_it.o
    0x08004d28   0x08004d28   0x0000002c   Code   RO         1161    .text.Motor_Disable  control.o
    0x08004d54   0x08004d54   0x0000002c   Code   RO         1163    .text.Motor_Enable  control.o
    0x08004d80   0x08004d80   0x00000004   Code   RO          113    .text.NMI_Handler   stm32f1xx_it.o
    0x08004d84   0x08004d84   0x0000006c   Code   RO          445    .text.NVIC_EncodePriority  stm32f1xx_hal_cortex.o
    0x08004df0   0x08004df0   0x000001da   Code   RO         1126    .text.Openmv1_Receive_Data  myusart.o
    0x08004fca   0x08004fca   0x00000002   PAD
    0x08004fcc   0x08004fcc   0x00000192   Code   RO         1128    .text.Openmv2_Receive_Data  myusart.o
    0x0800515e   0x0800515e   0x00000002   PAD
    0x08005160   0x08005160   0x00000084   Code   RO         1230    .text.PID_param_init  pid.o
    0x080051e4   0x080051e4   0x00000002   Code   RO          127    .text.PendSV_Handler  stm32f1xx_it.o
    0x080051e6   0x080051e6   0x00000002   PAD
    0x080051e8   0x080051e8   0x0000003a   Code   RO          329    .text.RCC_Delay     stm32f1xx_hal_rcc.o
    0x08005222   0x08005222   0x00000002   PAD
    0x08005224   0x08005224   0x00000002   Code   RO          123    .text.SVC_Handler   stm32f1xx_it.o
    0x08005226   0x08005226   0x00000002   PAD
    0x08005228   0x08005228   0x00000066   Code   RO         1124    .text.SendData_toOpenmv  myusart.o
    0x0800528e   0x0800528e   0x00000002   PAD
    0x08005290   0x08005290   0x00000052   Code   RO          461    .text.SysTick_Config  stm32f1xx_hal_cortex.o
    0x080052e2   0x080052e2   0x00000002   PAD
    0x080052e4   0x080052e4   0x00000016   Code   RO          129    .text.SysTick_Handler  stm32f1xx_it.o
    0x080052fa   0x080052fa   0x00000002   PAD
    0x080052fc   0x080052fc   0x00000094   Code   RO           13    .text.SystemClock_Config  main.o
    0x08005390   0x08005390   0x00000002   Code   RO         1108    .text.SystemInit    system_stm32f1xx.o
    0x08005392   0x08005392   0x00000002   PAD
    0x08005394   0x08005394   0x00000010   Code   RO          139    .text.TIM6_IRQHandler  stm32f1xx_it.o
    0x080053a4   0x080053a4   0x00000010   Code   RO          141    .text.TIM7_IRQHandler  stm32f1xx_it.o
    0x080053b4   0x080053b4   0x00000140   Code   RO          647    .text.TIM_Base_SetConfig  stm32f1xx_hal_tim.o
    0x080054f4   0x080054f4   0x00000036   Code   RO          681    .text.TIM_CCxChannelCmd  stm32f1xx_hal_tim.o
    0x0800552a   0x0800552a   0x00000002   PAD
    0x0800552c   0x0800552c   0x000000ee   Code   RO          791    .text.TIM_OC1_SetConfig  stm32f1xx_hal_tim.o
    0x0800561a   0x0800561a   0x00000002   PAD
    0x0800561c   0x0800561c   0x000000f8   Code   RO          793    .text.TIM_OC2_SetConfig  stm32f1xx_hal_tim.o
    0x08005714   0x08005714   0x000000f6   Code   RO          795    .text.TIM_OC3_SetConfig  stm32f1xx_hal_tim.o
    0x0800580a   0x0800580a   0x00000002   PAD
    0x0800580c   0x0800580c   0x000000a6   Code   RO          797    .text.TIM_OC4_SetConfig  stm32f1xx_hal_tim.o
    0x080058b2   0x080058b2   0x00000002   PAD
    0x080058b4   0x080058b4   0x0000015c   Code   RO         1159    .text.Task_action   control.o
    0x08005a10   0x08005a10   0x00000020   Code   RO         1065    .text.UART_DMAAbortOnError  stm32f1xx_hal_uart.o
    0x08005a30   0x08005a30   0x00000046   Code   RO         1027    .text.UART_EndRxTransfer  stm32f1xx_hal_uart.o
    0x08005a76   0x08005a76   0x00000002   PAD
    0x08005a78   0x08005a78   0x00000026   Code   RO         1073    .text.UART_EndTransmit_IT  stm32f1xx_hal_uart.o
    0x08005a9e   0x08005a9e   0x00000002   PAD
    0x08005aa0   0x08005aa0   0x0000014a   Code   RO         1063    .text.UART_Receive_IT  stm32f1xx_hal_uart.o
    0x08005bea   0x08005bea   0x00000002   PAD
    0x08005bec   0x08005bec   0x000000ba   Code   RO          983    .text.UART_SetConfig  stm32f1xx_hal_uart.o
    0x08005ca6   0x08005ca6   0x00000002   PAD
    0x08005ca8   0x08005ca8   0x00000064   Code   RO         1005    .text.UART_Start_Receive_IT  stm32f1xx_hal_uart.o
    0x08005d0c   0x08005d0c   0x00000094   Code   RO         1071    .text.UART_Transmit_IT  stm32f1xx_hal_uart.o
    0x08005da0   0x08005da0   0x0000009c   Code   RO          997    .text.UART_WaitOnFlagUntilTimeout  stm32f1xx_hal_uart.o
    0x08005e3c   0x08005e3c   0x00000010   Code   RO          133    .text.USART1_IRQHandler  stm32f1xx_it.o
    0x08005e4c   0x08005e4c   0x00000010   Code   RO          135    .text.USART2_IRQHandler  stm32f1xx_it.o
    0x08005e5c   0x08005e5c   0x00000010   Code   RO          137    .text.USART3_IRQHandler  stm32f1xx_it.o
    0x08005e6c   0x08005e6c   0x00000004   Code   RO          121    .text.UsageFault_Handler  stm32f1xx_it.o
    0x08005e70   0x08005e70   0x00000030   Code   RO          449    .text.__NVIC_EnableIRQ  stm32f1xx_hal_cortex.o
    0x08005ea0   0x08005ea0   0x00000010   Code   RO          441    .text.__NVIC_GetPriorityGrouping  stm32f1xx_hal_cortex.o
    0x08005eb0   0x08005eb0   0x00000042   Code   RO          443    .text.__NVIC_SetPriority  stm32f1xx_hal_cortex.o
    0x08005ef2   0x08005ef2   0x00000002   PAD
    0x08005ef4   0x08005ef4   0x0000003c   Code   RO          437    .text.__NVIC_SetPriorityGrouping  stm32f1xx_hal_cortex.o
    0x08005f30   0x08005f30   0x00000a52   Code   RO         1271    .text.car_spinctl   pid_location.o
    0x08006982   0x08006982   0x00000002   PAD
    0x08006984   0x08006984   0x00000022   Code   RO         1122    .text.fputc         myusart.o
    0x080069a6   0x080069a6   0x00000002   PAD
    0x080069a8   0x080069a8   0x0000000c   Code   RO         1234    .text.get_pid_target  pid.o
    0x080069b4   0x080069b4   0x000007b8   Code   RO         1165    .text.gohome        control.o
    0x0800716c   0x0800716c   0x000000e2   Code   RO           11    .text.main          main.o
    0x0800724e   0x0800724e   0x00000002   PAD
    0x08007250   0x08007250   0x00000024   Code   RO         1173    .text.motor_L_Return  control.o
    0x08007274   0x08007274   0x00000024   Code   RO         1177    .text.motor_L_turn  control.o
    0x08007298   0x08007298   0x00000026   Code   RO         1175    .text.motor_R_Return  control.o
    0x080072be   0x080072be   0x00000002   PAD
    0x080072c0   0x080072c0   0x00000026   Code   RO         1179    .text.motor_R_turn  control.o
    0x080072e6   0x080072e6   0x00000002   PAD
    0x080072e8   0x080072e8   0x00000010   Code   RO         1232    .text.set_pid_target  pid.o
    0x080072f8   0x080072f8   0x000000ea   Code   RO         1238    .text.speed_pid_realize  pid.o
    0x080073e2   0x080073e2   0x00000002   PAD
    0x080073e4   0x080073e4   0x0000002c   Code   RO         1167    .text.twomotor_ctl  control.o
    0x08007410   0x08007410   0x00000020   Code   RO         1297    i.__0printf         mc_w.l(printfa.o)
    0x08007430   0x08007430   0x00000028   Code   RO         1299    i.__0sprintf        mc_w.l(printfa.o)
    0x08007458   0x08007458   0x0000000e   Code   RO         1397    i.__scatterload_copy  mc_w.l(handlers.o)
    0x08007466   0x08007466   0x00000002   Code   RO         1398    i.__scatterload_null  mc_w.l(handlers.o)
    0x08007468   0x08007468   0x0000000e   Code   RO         1399    i.__scatterload_zeroinit  mc_w.l(handlers.o)
    0x08007476   0x08007476   0x00000002   PAD
    0x08007478   0x08007478   0x00000184   Code   RO         1304    i._fp_digits        mc_w.l(printfa.o)
    0x080075fc   0x080075fc   0x000006dc   Code   RO         1305    i._printf_core      mc_w.l(printfa.o)
    0x08007cd8   0x08007cd8   0x00000024   Code   RO         1306    i._printf_post_padding  mc_w.l(printfa.o)
    0x08007cfc   0x08007cfc   0x0000002e   Code   RO         1307    i._printf_pre_padding  mc_w.l(printfa.o)
    0x08007d2a   0x08007d2a   0x0000000a   Code   RO         1309    i._sputc            mc_w.l(printfa.o)
    0x08007d34   0x08007d34   0x00000010   Data   RO         1113    .rodata.AHBPrescTable  system_stm32f1xx.o
    0x08007d44   0x08007d44   0x00000008   Data   RO         1114    .rodata.APBPrescTable  system_stm32f1xx.o
    0x08007d4c   0x08007d4c   0x00000007   Data   RO         1141    .rodata.str1.1      myusart.o
    0x08007d53   0x08007d53   0x00000004   Data   RO         1284    .rodata.str1.1      pid_location.o
    0x08007d57   0x08007d57   0x00000001   PAD
    0x08007d58   0x08007d58   0x00000020   Data   RO         1396    Region$$Table       anon$$obj.o


    Execution Region RW_IRAM1 (Exec base: 0x20000000, Load base: 0x08007d78, Size: 0x00000818, Max: 0x0000c000, ABSOLUTE)

    Exec Addr    Load Addr    Size         Type   Attr      Idx    E Section Name        Object

    0x20000000   0x08007d78   0x00000004   Data   RW         1362    .data               mc_w.l(stdout.o)
    0x20000004   0x08007d7c   0x00000004   Data   RW         1112    .data.SystemCoreClock  system_stm32f1xx.o
    0x20000008   0x08007d80   0x00000004   Data   RW         1138    .data.Task_flag     myusart.o
    0x2000000c   0x08007d84   0x00000001   Data   RW         1217    .data.cnt_LOR       mynvic.o
    0x2000000d   0x08007d85   0x00000001   Data   RW          316    .data.uwTickFreq    stm32f1xx_hal.o
    0x2000000e   0x08007d86   0x00000002   PAD
    0x20000010   0x08007d88   0x00000004   Data   RW          315    .data.uwTickPrio    stm32f1xx_hal.o
    0x20000014   0x08007d8c   0x00000004   PAD
    0x20000018        -       0x00000001   Zero   RW         1184    .bss.Do_count       control.o
    0x20000019        -       0x00000001   Zero   RW         1218    .bss.LOR            mynvic.o
    0x2000001a        -       0x00000001   Zero   RW         1197    .bss.Load_flag      sensor.o
    0x2000001b        -       0x00000001   Zero   RW         1182    .bss.Motor_en       control.o
    0x2000001c        -       0x00000001   Zero   RW         1139    .bss.Num            myusart.o
    0x2000001d   0x08007d8c   0x00000003   PAD
    0x20000020        -       0x00000004   Zero   RW         1136    .bss.OUTPUT         myusart.o
    0x20000024        -       0x00000064   Zero   RW         1143    .bss.Openmv1_Receive_Data.RxBuffer1  myusart.o
    0x20000088        -       0x00000001   Zero   RW         1142    .bss.Openmv1_Receive_Data.RxCounter1  myusart.o
    0x20000089        -       0x00000001   Zero   RW         1144    .bss.Openmv1_Receive_Data.RxState  myusart.o
    0x2000008a        -       0x0000000c   Zero   RW         1146    .bss.Openmv2_Receive_Data.RxBuffer2  myusart.o
    0x20000096        -       0x00000001   Zero   RW         1145    .bss.Openmv2_Receive_Data.RxCounter2  myusart.o
    0x20000097        -       0x00000001   Zero   RW         1147    .bss.Openmv2_Receive_Data.RxState2  myusart.o
    0x20000098        -       0x00000008   Zero   RW         1140    .bss.Sendbuff       myusart.o
    0x200000a0        -       0x00000002   Zero   RW         1219    .bss.SendtoOV_time  mynvic.o
    0x200000a2        -       0x00000001   Zero   RW         1137    .bss.Stop_flag      myusart.o
    0x200000a3   0x08007d8c   0x00000001   PAD
    0x200000a4        -       0x00000004   Zero   RW         1281    .bss.a              pid_location.o
    0x200000a8        -       0x00000004   Zero   RW         1282    .bss.b              pid_location.o
    0x200000ac        -       0x00000001   Zero   RW         1215    .bss.cnt_L          mynvic.o
    0x200000ad        -       0x00000001   Zero   RW         1216    .bss.cnt_R          mynvic.o
    0x200000ae        -       0x00000002   Zero   RW         1248    .bss.cnt_temp1      pid.o
    0x200000b0        -       0x00000002   Zero   RW         1249    .bss.cnt_temp2      pid.o
    0x200000b2        -       0x00000002   Zero   RW         1279    .bss.delay_time     pid_location.o
    0x200000b4        -       0x00000002   Zero   RW         1280    .bss.delay_time2    pid_location.o
    0x200000b6        -       0x00000001   Zero   RW         1183    .bss.en_switch      control.o
    0x200000b7   0x08007d8c   0x00000001   PAD
    0x200000b8        -       0x00000004   Zero   RW         1250    .bss.g_lMotor1PulseSigma  pid.o
    0x200000bc        -       0x00000004   Zero   RW         1251    .bss.g_lMotor2PulseSigma  pid.o
    0x200000c0        -       0x00000002   Zero   RW         1252    .bss.g_nMotor1Pulse  pid.o
    0x200000c2        -       0x00000002   Zero   RW         1253    .bss.g_nMotor2Pulse  pid.o
    0x200000c4        -       0x00000030   Zero   RW           40    .bss.hadc1          adc.o
    0x200000f4        -       0x00000044   Zero   RW           41    .bss.hdma_adc1      adc.o
    0x20000138        -       0x00000002   Zero   RW         1221    .bss.homespin_time  mynvic.o
    0x2000013a   0x08007d8c   0x00000002   PAD
    0x2000013c        -       0x00000048   Zero   RW           81    .bss.htim1          tim.o
    0x20000184        -       0x00000048   Zero   RW           82    .bss.htim2          tim.o
    0x200001cc        -       0x00000048   Zero   RW           83    .bss.htim3          tim.o
    0x20000214        -       0x00000048   Zero   RW           84    .bss.htim6          tim.o
    0x2000025c        -       0x00000048   Zero   RW           85    .bss.htim7          tim.o
    0x200002a4        -       0x00000044   Zero   RW          103    .bss.huart1         usart.o
    0x200002e8        -       0x00000044   Zero   RW          104    .bss.huart2         usart.o
    0x2000032c        -       0x00000044   Zero   RW          105    .bss.huart3         usart.o
    0x20000370        -       0x00000001   Zero   RW         1214    .bss.lor            mynvic.o
    0x20000371   0x08007d8c   0x00000003   PAD
    0x20000374        -       0x00000004   Zero   RW         1151    .bss.output         myusart.o
    0x20000378        -       0x00000020   Zero   RW         1256    .bss.pid_location1  pid.o
    0x20000398        -       0x00000020   Zero   RW         1257    .bss.pid_location2  pid.o
    0x200003b8        -       0x00000020   Zero   RW         1254    .bss.pid_speed1     pid.o
    0x200003d8        -       0x00000020   Zero   RW         1255    .bss.pid_speed2     pid.o
    0x200003f8        -       0x00000001   Zero   RW         1135    .bss.preLOR         myusart.o
    0x200003f9   0x08007d8c   0x00000001   PAD
    0x200003fa        -       0x00000002   Zero   RW         1222    .bss.preback_time   mynvic.o
    0x200003fc        -       0x00000002   Zero   RW         1220    .bss.prespin_time   mynvic.o
    0x200003fe        -       0x00000001   Zero   RW         1185    .bss.preturn_flag   control.o
    0x200003ff        -       0x00000001   Zero   RW         1132    .bss.receive_flag1  myusart.o
    0x20000400        -       0x00000001   Zero   RW         1133    .bss.receive_flag2  myusart.o
    0x20000401        -       0x00000001   Zero   RW         1134    .bss.road           myusart.o
    0x20000402   0x08007d8c   0x00000002   PAD
    0x20000404        -       0x00000004   Zero   RW         1258    .bss.speed1_Outval  pid.o
    0x20000408        -       0x00000004   Zero   RW         1259    .bss.speed2_Outval  pid.o
    0x2000040c        -       0x00000001   Zero   RW         1186    .bss.spinback_flag  control.o
    0x2000040d        -       0x00000001   Zero   RW         1187    .bss.spinturn_flag  control.o
    0x2000040e        -       0x00000001   Zero   RW         1148    .bss.uart2_rxbuff   myusart.o
    0x2000040f        -       0x00000001   Zero   RW         1149    .bss.uart3_rxbuff   myusart.o
    0x20000410        -       0x00000004   Zero   RW          317    .bss.uwTick         stm32f1xx_hal.o
    0x20000414   0x08007d8c   0x00000004   PAD
    0x20000418        -       0x00000400   Zero   RW            1    STACK               startup_stm32f103xe.o


==============================================================================

Image component sizes


      Code (inc. data)   RO Data    RW Data    ZI Data      Debug   Object Name

       496          0          0          0        116       4127   adc.o
      2604         40          0          0          6       3398   control.o
        56          0          0          0          0       2316   dma.o
       308          0          0          0          0       1564   gpio.o
       388          0          0          0          0       2043   main.o
      1074          0          0          1         12       4262   mynvic.o
      1142          0          7          4        140       4894   myusart.o
       602          0          0          0        152       2432   pid.o
      2642          0          4          0         12       3008   pid_location.o
         0          0          0          0          1        426   sensor.o
        36          8        304          0       1024        768   startup_stm32f103xe.o
       260          0          0          5          4       5882   stm32f1xx_hal.o
      1160          0          0          0          0       9290   stm32f1xx_hal_adc.o
       482          0          0          0          0       7829   stm32f1xx_hal_cortex.o
      2828          0          0          0          0       7290   stm32f1xx_hal_dma.o
       900          0          0          0          0       4239   stm32f1xx_hal_gpio.o
       100          0          0          0          0       1186   stm32f1xx_hal_msp.o
      2622          0          0          0          0       7383   stm32f1xx_hal_rcc.o
       456          0          0          0          0       3213   stm32f1xx_hal_rcc_ex.o
      4090         14          0          0          0      34644   stm32f1xx_hal_tim.o
       450          0          0          0          0      14721   stm32f1xx_hal_tim_ex.o
      2532          0          0          0          0      17719   stm32f1xx_hal_uart.o
       144          0          0          0          0       1568   stm32f1xx_it.o
         2          0         24          4          0       1558   system_stm32f1xx.o
      1252          0          0          0        360       9106   tim.o
       696          0          0          0        204       6271   usart.o

    ----------------------------------------------------------------------
     27428         62        372         16       2052     161137   Object Totals
         0          0         32          0          0          0   (incl. Generated)
       106          0          1          2         21          0   (incl. Padding)

    ----------------------------------------------------------------------

      Code (inc. data)   RO Data    RW Data    ZI Data      Debug   Library Member Name

         0          0          0          0          0          0   entry.o
         0          0          0          0          0          0   entry10a.o
         0          0          0          0          0          0   entry11a.o
         8          4          0          0          0          0   entry2.o
         4          0          0          0          0          0   entry5.o
         0          0          0          0          0          0   entry7b.o
         0          0          0          0          0          0   entry8b.o
         8          4          0          0          0          0   entry9a.o
        30          0          0          0          0          0   handlers.o
        36          8          0          0          0         68   init.o
         0          0          0          0          0          0   iusefp.o
        30          0          0          0          0         68   llshl.o
        36          0          0          0          0         68   llsshr.o
        32          0          0          0          0         68   llushr.o
        36          0          0          0          0        108   memseta.o
      2308         96          0          0          0        604   printfa.o
         0          0          0          4          0          0   stdout.o
        44          0          0          0          0         80   uidiv.o
        98          0          0          0          0         92   uldiv.o
        48          0          0          0          0         68   cdrcmple.o
       334          0          0          0          0        148   dadd.o
       222          0          0          0          0        100   ddiv.o
       186          0          0          0          0        176   depilogue.o
        48          0          0          0          0         68   dfixul.o
       228          0          0          0          0         96   dmul.o
       176          0          0          0          0        140   fadd.o
        28          0          0          0          0         68   fcmpge.o
        28          0          0          0          0         68   fcmple.o
        28          0          0          0          0         68   fcmplt.o
       110          0          0          0          0        168   fepilogue.o
        50          0          0          0          0         68   ffixi.o
        40          0          0          0          0         68   ffixui.o
        18          0          0          0          0         68   fflti.o
       100          0          0          0          0         76   fmul.o

    ----------------------------------------------------------------------
      4320        112          0          4          0       2604   Library Totals
         6          0          0          0          0          0   (incl. Padding)

    ----------------------------------------------------------------------

      Code (inc. data)   RO Data    RW Data    ZI Data      Debug   Library Name

      2670        112          0          4          0       1156   mc_w.l
      1644          0          0          0          0       1448   mf_w.l

    ----------------------------------------------------------------------
      4320        112          0          4          0       2604   Library Totals

    ----------------------------------------------------------------------

==============================================================================


      Code (inc. data)   RO Data    RW Data    ZI Data      Debug   

     31748        174        372         20       2052     162081   Grand Totals
     31748        174        372         20       2052     162081   ELF Image Totals
     31748        174        372         20          0          0   ROM Totals

==============================================================================

    Total RO  Size (Code + RO Data)                32120 (  31.37kB)
    Total RW  Size (RW Data + ZI Data)              2072 (   2.02kB)
    Total ROM Size (Code + RO Data + RW Data)      32140 (  31.39kB)

==============================================================================

